Archive member included to satisfy reference by file (symbol)

../../libDaisy/build\libdaisy.a(daisy_pod.o)
                              build/VariSineDrone.o (daisy::DaisyPod::StartAudio(void (*)(float const* const*, float**, unsigned int)))
../../libDaisy/build\libdaisy.a(daisy_seed.o)
                              ../../libDaisy/build\libdaisy.a(daisy_pod.o) (daisy::DaisySeed::Configure())
../../libDaisy/build\libdaisy.a(codec_ak4556.o)
                              ../../libDaisy/build\libdaisy.a(daisy_seed.o) (daisy::Ak4556::Init(dsy_gpio_pin))
../../libDaisy/build\libdaisy.a(codec_wm8731.o)
                              ../../libDaisy/build\libdaisy.a(daisy_seed.o) (daisy::Wm8731::Init(daisy::Wm8731::Config const&, daisy::I2CHandle))
../../libDaisy/build\libdaisy.a(sdram.o)
                              ../../libDaisy/build\libdaisy.a(daisy_seed.o) (SdramHandle::Init())
../../libDaisy/build\libdaisy.a(audio.o)
                              ../../libDaisy/build\libdaisy.a(daisy_seed.o) (daisy::AudioHandle::Init(daisy::AudioHandle::Config const&, daisy::SaiHandle))
../../libDaisy/build\libdaisy.a(ctrl.o)
                              ../../libDaisy/build\libdaisy.a(daisy_pod.o) (daisy::AnalogControl::Init(unsigned short*, float, bool, bool, float))
../../libDaisy/build\libdaisy.a(encoder.o)
                              ../../libDaisy/build\libdaisy.a(daisy_pod.o) (daisy::Encoder::Init(dsy_gpio_pin, dsy_gpio_pin, dsy_gpio_pin, float))
../../libDaisy/build\libdaisy.a(midi.o)
                              build/VariSineDrone.o (daisy::MidiUartTransport::Config::Config())
../../libDaisy/build\libdaisy.a(midi_parser.o)
                              ../../libDaisy/build\libdaisy.a(daisy_pod.o) (daisy::MidiParser::Reset())
../../libDaisy/build\libdaisy.a(rgb_led.o)
                              ../../libDaisy/build\libdaisy.a(daisy_pod.o) (daisy::RgbLed::Init(dsy_gpio_pin, dsy_gpio_pin, dsy_gpio_pin, bool))
../../libDaisy/build\libdaisy.a(switch.o)
                              ../../libDaisy/build\libdaisy.a(daisy_pod.o) (daisy::Switch::Init(dsy_gpio_pin, float))
../../libDaisy/build\libdaisy.a(adc.o)
                              ../../libDaisy/build\libdaisy.a(daisy_pod.o) (daisy::AdcChannelConfig::InitSingle(dsy_gpio_pin, daisy::AdcChannelConfig::ConversionSpeed))
../../libDaisy/build\libdaisy.a(gpio.o)
                              ../../libDaisy/build\libdaisy.a(daisy_seed.o) (daisy::GPIO::Init(daisy::Pin, daisy::GPIO::Mode, daisy::GPIO::Pull, daisy::GPIO::Speed))
../../libDaisy/build\libdaisy.a(i2c.o)
                              ../../libDaisy/build\libdaisy.a(daisy_seed.o) (daisy::I2CHandle::Init(daisy::I2CHandle::Config const&))
../../libDaisy/build\libdaisy.a(qspi.o)
                              ../../libDaisy/build\libdaisy.a(daisy_seed.o) (daisy::QSPIHandle::Init(daisy::QSPIHandle::Config const&))
../../libDaisy/build\libdaisy.a(sai.o)
                              ../../libDaisy/build\libdaisy.a(daisy_seed.o) (daisy::SaiHandle::Init(daisy::SaiHandle::Config const&))
../../libDaisy/build\libdaisy.a(uart.o)
                              ../../libDaisy/build\libdaisy.a(daisy_pod.o) (daisy::UartHandler::Init(daisy::UartHandler::Config const&))
../../libDaisy/build\libdaisy.a(dma.o)
                              ../../libDaisy/build\libdaisy.a(uart.o) (dsy_dma_invalidate_cache_for_buffer)
../../libDaisy/build\libdaisy.a(system.o)
                              ../../libDaisy/build\libdaisy.a(daisy_seed.o) (daisy::System::DeInit())
../../libDaisy/build\libdaisy.a(system_stm32h7xx.o)
                              build/startup_stm32h750xx.o (SystemInit)
../../libDaisy/build\libdaisy.a(usbd_conf.o)
                              ../../libDaisy/build\libdaisy.a(system.o) (hpcd_USB_OTG_HS)
../../libDaisy/build\libdaisy.a(usbh_conf.o)
                              ../../libDaisy/build\libdaisy.a(system.o) (hhcd_USB_OTG_HS)
../../libDaisy/build\libdaisy.a(color.o)
                              ../../libDaisy/build\libdaisy.a(daisy_pod.o) (daisy::Color::Init(daisy::Color::PresetColor))
../../libDaisy/build\libdaisy.a(hal_map.o)
                              ../../libDaisy/build\libdaisy.a(gpio.o) (dsy_hal_map_get_port)
../../libDaisy/build\libdaisy.a(stm32h7xx_hal.o)
                              ../../libDaisy/build\libdaisy.a(system.o) (HAL_Init)
../../libDaisy/build\libdaisy.a(stm32h7xx_hal_adc.o)
                              ../../libDaisy/build\libdaisy.a(adc.o) (HAL_ADC_ConfigChannel)
../../libDaisy/build\libdaisy.a(stm32h7xx_hal_adc_ex.o)
                              ../../libDaisy/build\libdaisy.a(adc.o) (HAL_ADCEx_Calibration_Start)
../../libDaisy/build\libdaisy.a(stm32h7xx_hal_cortex.o)
                              ../../libDaisy/build\libdaisy.a(stm32h7xx_hal.o) (HAL_NVIC_SetPriorityGrouping)
../../libDaisy/build\libdaisy.a(stm32h7xx_hal_dma.o)
                              ../../libDaisy/build\libdaisy.a(adc.o) (HAL_DMA_Init)
[...]
Memory Configuration

Name             Origin             Length             Attributes
FLASH            0x08000000         0x00020000         xr
DTCMRAM          0x20000000         0x00020000         xrw
SRAM             0x24000000         0x00080000         xrw
RAM_D2           0x30000000         0x00048000         xrw
RAM_D3           0x38000000         0x00010000         xrw
BACKUP_SRAM      0x38800000         0x00001000         xrw
ITCMRAM          0x00000000         0x00010000         xrw
SDRAM            0xc0000000         0x04000000         xrw
QSPIFLASH        0x90000000         0x00800000         xr
*default*        0x00000000         0xffffffff

Linker script and memory map

LOAD c:/program files/daisytoolchain/bin/../lib/gcc/arm-none-eabi/10.2.1/thumb/v7e-m+dp/hard/crti.o
LOAD c:/program files/daisytoolchain/bin/../lib/gcc/arm-none-eabi/10.2.1/thumb/v7e-m+dp/hard/crtbegin.o
LOAD c:/program files/daisytoolchain/bin/../lib/gcc/arm-none-eabi/10.2.1/../../../../arm-none-eabi/lib/thumb/v7e-m+dp/hard/crt0.o
LOAD build/startup_stm32h750xx.o
LOAD build/VariSineDrone.o
LOAD ../../libDaisy/build\libdaisy.a
LOAD c:/program files/daisytoolchain/bin/../lib/gcc/arm-none-eabi/10.2.1/../../../../arm-none-eabi/lib/thumb/v7e-m+dp/hard\libnosys.a
LOAD ../../DaisySP/build\libdaisysp.a
LOAD c:/program files/daisytoolchain/bin/../lib/gcc/arm-none-eabi/10.2.1/../../../../arm-none-eabi/lib/thumb/v7e-m+dp/hard\libstdc++_nano.a
LOAD c:/program files/daisytoolchain/bin/../lib/gcc/arm-none-eabi/10.2.1/../../../../arm-none-eabi/lib/thumb/v7e-m+dp/hard\libm.a
LOAD c:/program files/daisytoolchain/bin/../lib/gcc/arm-none-eabi/10.2.1/../../../../arm-none-eabi/lib/thumb/v7e-m+dp/hard\libc_nano.a
START GROUP
LOAD c:/program files/daisytoolchain/bin/../lib/gcc/arm-none-eabi/10.2.1/thumb/v7e-m+dp/hard\libgcc.a
LOAD c:/program files/daisytoolchain/bin/../lib/gcc/arm-none-eabi/10.2.1/../../../../arm-none-eabi/lib/thumb/v7e-m+dp/hard\libc_nano.a
END GROUP
START GROUP
LOAD c:/program files/daisytoolchain/bin/../lib/gcc/arm-none-eabi/10.2.1/thumb/v7e-m+dp/hard\libgcc.a
LOAD c:/program files/daisytoolchain/bin/../lib/gcc/arm-none-eabi/10.2.1/../../../../arm-none-eabi/lib/thumb/v7e-m+dp/hard\libc_nano.a
LOAD c:/program files/daisytoolchain/bin/../lib/gcc/arm-none-eabi/10.2.1/../../../../arm-none-eabi/lib/thumb/v7e-m+dp/hard\libnosys.a
END GROUP
START GROUP
LOAD c:/program files/daisytoolchain/bin/../lib/gcc/arm-none-eabi/10.2.1/thumb/v7e-m+dp/hard\libgcc.a
LOAD c:/program files/daisytoolchain/bin/../lib/gcc/arm-none-eabi/10.2.1/../../../../arm-none-eabi/lib/thumb/v7e-m+dp/hard\libc_nano.a
LOAD c:/program files/daisytoolchain/bin/../lib/gcc/arm-none-eabi/10.2.1/../../../../arm-none-eabi/lib/thumb/v7e-m+dp/hard\libnosys.a
END GROUP
LOAD c:/program files/daisytoolchain/bin/../lib/gcc/arm-none-eabi/10.2.1/thumb/v7e-m+dp/hard/crtend.o
LOAD c:/program files/daisytoolchain/bin/../lib/gcc/arm-none-eabi/10.2.1/thumb/v7e-m+dp/hard/crtn.o
                0x20020000                _estack = 0x20020000

.isr_vector     0x08000000      0x298
                0x08000000                . = ALIGN (0x4)
 *(.isr_vector)
 .isr_vector    0x08000000      0x298 build/startup_stm32h750xx.o
                0x08000000                g_pfnVectors
                0x08000298                . = ALIGN (0x4)

.text           0x08000298    0x124b0
                0x08000298                . = ALIGN (0x4)
                0x08000298                _stext = .
 *(.text)
 .text          0x08000298       0x40 c:/program files/daisytoolchain/bin/../lib/gcc/arm-none-eabi/10.2.1/thumb/v7e-m+dp/hard/crtbegin.o
 .text          0x080002d8      0x378 c:/program files/daisytoolchain/bin/../lib/gcc/arm-none-eabi/10.2.1/thumb/v7e-m+dp/hard\libgcc.a(_arm_addsubdf3.o)
                0x080002d8                __aeabi_drsub
                0x080002e0                __aeabi_dsub
                0x080002e0                __subdf3
                0x080002e4                __aeabi_dadd
                0x080002e4                __adddf3
                0x0800055c                __floatunsidf
                0x0800055c                __aeabi_ui2d
                0x0800057c                __floatsidf
                0x0800057c                __aeabi_i2d
                0x080005a0                __aeabi_f2d
                0x080005a0                __extendsfdf2
                0x080005e4                __floatundidf
                0x080005e4                __aeabi_ul2d
                0x080005f4                __floatdidf
                0x080005f4                __aeabi_l2d
 .text          0x08000650       0x30 c:/program files/daisytoolchain/bin/../lib/gcc/arm-none-eabi/10.2.1/thumb/v7e-m+dp/hard\libgcc.a(_aeabi_uldivmod.o)
                0x08000650                __aeabi_uldivmod
 .text          0x08000680      0x2d0 c:/program files/daisytoolchain/bin/../lib/gcc/arm-none-eabi/10.2.1/thumb/v7e-m+dp/hard\libgcc.a(_udivmoddi4.o)
                0x08000680                __udivmoddi4
 .text          0x08000950        0x4 c:/program files/daisytoolchain/bin/../lib/gcc/arm-none-eabi/10.2.1/thumb/v7e-m+dp/hard\libgcc.a(_dvmd_tls.o)
                0x08000950                __aeabi_idiv0
                0x08000950                __aeabi_ldiv0
 *(.text*)
 .text.Default_Handler
                0x08000954        0x4 build/startup_stm32h750xx.o
                0x08000954                RTC_Alarm_IRQHandler
                0x08000954                HASH_RNG_IRQHandler
                0x08000954                EXTI2_IRQHandler
                0x08000954                TIM8_CC_IRQHandler
                0x08000954                HRTIM1_Master_IRQHandler
                0x08000954                DebugMon_Handler
                0x08000954                TIM1_CC_IRQHandler
                0x08000954                BDMA_Channel6_IRQHandler
                0x08000954                DMA2_Stream5_IRQHandler
                0x08000954                HRTIM1_FLT_IRQHandler
                0x08000954                JPEG_IRQHandler
                0x08000954                BDMA_Channel1_IRQHandler
                0x08000954                HRTIM1_TIMD_IRQHandler
                0x08000954                TAMP_STAMP_IRQHandler
                0x08000954                PendSV_Handler
                0x08000954                NMI_Handler
                0x08000954                EXTI3_IRQHandler
                0x08000954                LPTIM4_IRQHandler
                0x08000954                TIM8_TRG_COM_TIM14_IRQHandler
                0x08000954                LPTIM2_IRQHandler
                0x08000954                DFSDM1_FLT1_IRQHandler
                0x08000954                DMAMUX2_OVR_IRQHandler
                0x08000954                TIM8_UP_TIM13_IRQHandler
                0x08000954                I2C3_ER_IRQHandler
                0x08000954                DFSDM1_FLT2_IRQHandler
                0x08000954                MDMA_IRQHandler
                0x08000954                LPTIM3_IRQHandler
                0x08000954                HSEM1_IRQHandler
                0x08000954                EXTI0_IRQHandler
                0x08000954                FPU_IRQHandler
                0x08000954                OTG_HS_WKUP_IRQHandler
                0x08000954                FDCAN1_IT1_IRQHandler
                0x08000954                UsageFault_Handler
                0x08000954                LTDC_ER_IRQHandler
                0x08000954                HRTIM1_TIME_IRQHandler
                0x08000954                TIM6_DAC_IRQHandler
                0x08000954                DCMI_IRQHandler
                0x08000954                HRTIM1_TIMC_IRQHandler
                0x08000954                SAI2_IRQHandler
                0x08000954                DFSDM1_FLT3_IRQHandler
                0x08000954                TIM17_IRQHandler
                0x08000954                CRYP_IRQHandler
                0x08000954                BDMA_Channel7_IRQHandler
                0x08000954                LPTIM5_IRQHandler
                0x08000954                ADC3_IRQHandler
                0x08000954                DMA2_Stream0_IRQHandler
                0x08000954                BDMA_Channel2_IRQHandler
                0x08000954                DMAMUX1_OVR_IRQHandler
                0x08000954                TIM16_IRQHandler
                0x08000954                BDMA_Channel5_IRQHandler
                0x08000954                RCC_IRQHandler
                0x08000954                TIM8_BRK_TIM12_IRQHandler
                0x08000954                TIM1_TRG_COM_IRQHandler
                0x08000954                Default_Handler
                0x08000954                ECC_IRQHandler
                0x08000954                CEC_IRQHandler
                0x08000954                EXTI15_10_IRQHandler
                0x08000954                BDMA_Channel0_IRQHandler
                0x08000954                ADC_IRQHandler
                0x08000954                DMA1_Stream7_IRQHandler
                0x08000954                HRTIM1_TIMA_IRQHandler
                0x08000954                TIM7_IRQHandler
                0x08000954                SDMMC1_IRQHandler
                0x08000954                DMA2_Stream7_IRQHandler
                0x08000954                TIM15_IRQHandler
                0x08000954                PVD_AVD_IRQHandler
                0x08000954                EXTI9_5_IRQHandler
                0x08000954                RTC_WKUP_IRQHandler
                0x08000954                LTDC_IRQHandler
                0x08000954                SAI3_IRQHandler
                0x08000954                ETH_WKUP_IRQHandler
                0x08000954                SPDIF_RX_IRQHandler
                0x08000954                MemManage_Handler
                0x08000954                SVC_Handler
                0x08000954                CRS_IRQHandler
                0x08000954                EXTI4_IRQHandler
                0x08000954                HRTIM1_TIMB_IRQHandler
                0x08000954                FDCAN2_IT1_IRQHandler
                0x08000954                ETH_IRQHandler
                0x08000954                TIM1_UP_IRQHandler
                0x08000954                BDMA_Channel4_IRQHandler
                0x08000954                WWDG_IRQHandler
                0x08000954                SPI6_IRQHandler
                0x08000954                I2C4_EV_IRQHandler
                0x08000954                MDIOS_IRQHandler
                0x08000954                FDCAN2_IT0_IRQHandler
                0x08000954                FDCAN1_IT0_IRQHandler
                0x08000954                OTG_FS_WKUP_IRQHandler
                0x08000954                DMA2D_IRQHandler
                0x08000954                TIM1_BRK_IRQHandler
                0x08000954                EXTI1_IRQHandler
                0x08000954                SDMMC2_IRQHandler
                0x08000954                OTG_FS_EP1_OUT_IRQHandler
                0x08000954                BDMA_Channel3_IRQHandler
                0x08000954                MDIOS_WKUP_IRQHandler
                0x08000954                DFSDM1_FLT0_IRQHandler
                0x08000954                SAI4_IRQHandler
                0x08000954                I2C2_ER_IRQHandler
                0x08000954                DMA2_Stream1_IRQHandler
                0x08000954                FLASH_IRQHandler
                0x08000954                BusFault_Handler
                0x08000954                OTG_FS_IRQHandler
                0x08000954                WAKEUP_PIN_IRQHandler
                0x08000954                OTG_FS_EP1_IN_IRQHandler
                0x08000954                I2C1_ER_IRQHandler
                0x08000954                FMC_IRQHandler
                0x08000954                FDCAN_CAL_IRQHandler
                0x08000954                SWPMI1_IRQHandler
                0x08000954                COMP1_IRQHandler
                0x08000954                LPTIM1_IRQHandler
                0x08000954                I2C4_ER_IRQHandler
                0x08000954                DMA2_Stream6_IRQHandler
                0x08000954                SAI1_IRQHandler
 .text.Reset_Handler
                0x08000958       0x44 build/startup_stm32h750xx.o
                0x08000958                Reset_Handler
 .text._ZN5daisy8DaisyPodD2Ev
                0x0800099c        0x4 build/VariSineDrone.o
                0x0800099c                daisy::DaisyPod::~DaisyPod()
                0x0800099c                daisy::DaisyPod::~DaisyPod()
 .text._ZN7daisysp10OscillatorD2Ev
                0x080009a0        0x4 build/VariSineDrone.o
                0x080009a0                daisysp::Oscillator::~Oscillator()
                0x080009a0                daisysp::Oscillator::~Oscillator()
 .text._Z13AudioCallbackPKPKfPPfj
                0x080009a4       0xf8 build/VariSineDrone.o
                0x080009a4                AudioCallback(float const* const*, float**, unsigned int)
 .text.startup.main
                0x08000a9c       0x98 build/VariSineDrone.o
                0x08000a9c                main
 .text.startup._GLOBAL__sub_I_hw
                0x08000b34       0x6c build/VariSineDrone.o
 .text._ZN5daisy8DaisyPod10StartAudioEPFvPKPKfPPfjE
                0x08000ba0        0x4 ../../libDaisy/build\libdaisy.a(daisy_pod.o)
                0x08000ba0                daisy::DaisyPod::StartAudio(void (*)(float const* const*, float**, unsigned int))
 .text._ZN5daisy8DaisyPod17SetAudioBlockSizeEj
                0x08000ba4       0x2c ../../libDaisy/build\libdaisy.a(daisy_pod.o)
                0x08000ba4                daisy::DaisyPod::SetAudioBlockSize(unsigned int)
 .text._ZN5daisy8DaisyPod15AudioSampleRateEv
                0x08000bd0        0x4 ../../libDaisy/build\libdaisy.a(daisy_pod.o)
                0x08000bd0                daisy::DaisyPod::AudioSampleRate()
 .text._ZN5daisy8DaisyPod8StartAdcEv
                0x08000bd4        0x8 ../../libDaisy/build\libdaisy.a(daisy_pod.o)
                0x08000bd4                daisy::DaisyPod::StartAdc()
 .text._ZN5daisy8DaisyPod21ProcessAnalogControlsEv
                0x08000bdc       0x18 ../../libDaisy/build\libdaisy.a(daisy_pod.o)
                0x08000bdc                daisy::DaisyPod::ProcessAnalogControls()
 .text._ZN5daisy8DaisyPod22ProcessDigitalControlsEv
                0x08000bf4       0x20 ../../libDaisy/build\libdaisy.a(daisy_pod.o)
                0x08000bf4                daisy::DaisyPod::ProcessDigitalControls()
 .text._ZN5daisy8DaisyPod10UpdateLedsEv
                0x08000c14       0x18 ../../libDaisy/build\libdaisy.a(daisy_pod.o)
                0x08000c14                daisy::DaisyPod::UpdateLeds()
 .text._ZN5daisy8DaisyPod8InitLedsEv
                0x08000c2c       0x98 ../../libDaisy/build\libdaisy.a(daisy_pod.o)
                0x08000c2c                daisy::DaisyPod::InitLeds()
 .text._ZN5daisy8DaisyPod9InitKnobsEv
                0x08000cc4       0x90 ../../libDaisy/build\libdaisy.a(daisy_pod.o)
                0x08000cc4                daisy::DaisyPod::InitKnobs()
 .text._ZN5daisy8DaisyPod4InitEb
                0x08000d54      0x128 ../../libDaisy/build\libdaisy.a(daisy_pod.o)
                0x08000d54                daisy::DaisyPod::Init(bool)
 .text._ZN5daisy9DaisySeed9ConfigureEv
                0x08000e7c        0x4 ../../libDaisy/build\libdaisy.a(daisy_seed.o)
                0x08000e7c                daisy::DaisySeed::Configure()
 .text._ZN5daisy9DaisySeed10StartAudioEPFvPKPKfPPfjE
                0x08000e80        0x8 ../../libDaisy/build\libdaisy.a(daisy_seed.o)
                0x08000e80                daisy::DaisySeed::StartAudio(void (*)(float const* const*, float**, unsigned int))
 .text._ZN5daisy9DaisySeed15AudioSampleRateEv
                0x08000e88        0x8 ../../libDaisy/build\libdaisy.a(daisy_seed.o)
                0x08000e88                daisy::DaisySeed::AudioSampleRate()
 .text._ZN5daisy9DaisySeed17SetAudioBlockSizeEj
                0x08000e90       0x38 ../../libDaisy/build\libdaisy.a(daisy_seed.o)
                0x08000e90                daisy::DaisySeed::SetAudioBlockSize(unsigned int)
 .text._ZNK5daisy9DaisySeed17AudioCallbackRateEv
                0x08000ec8        0x8 ../../libDaisy/build\libdaisy.a(daisy_seed.o)
                0x08000ec8                daisy::DaisySeed::AudioCallbackRate() const
 .text._ZN5daisy9DaisySeed17CheckBoardVersionEv
                0x08000ed0       0x6c ../../libDaisy/build\libdaisy.a(daisy_seed.o)
                0x08000ed0                daisy::DaisySeed::CheckBoardVersion()
 .text._ZN5daisy9DaisySeed14ConfigureAudioEv
                0x08000f3c      0x10c ../../libDaisy/build\libdaisy.a(daisy_seed.o)
                0x08000f3c                daisy::DaisySeed::ConfigureAudio()
 .text._ZN5daisy9DaisySeed4InitEb
                0x08001048      0x108 ../../libDaisy/build\libdaisy.a(daisy_seed.o)
                0x08001048                daisy::DaisySeed::Init(bool)
 .text._ZN5daisy6Ak45564InitE12dsy_gpio_pin
                0x08001150       0x44 ../../libDaisy/build\libdaisy.a(codec_ak4556.o)
                0x08001150                daisy::Ak4556::Init(dsy_gpio_pin)
 .text._ZN5daisy6Wm873120WriteControlRegisterEht
                0x08001194       0x3c ../../libDaisy/build\libdaisy.a(codec_wm8731.o)
                0x08001194                daisy::Wm8731::WriteControlRegister(unsigned char, unsigned short)
 .text._ZN5daisy6Wm87314InitERKNS0_6ConfigENS_9I2CHandleE
                0x080011d0      0x1bc ../../libDaisy/build\libdaisy.a(codec_wm8731.o)
                0x080011d0                daisy::Wm8731::Init(daisy::Wm8731::Config const&, daisy::I2CHandle)
 .text._ZN11SdramHandle10DeviceInitEv
                0x0800138c       0x98 ../../libDaisy/build\libdaisy.a(sdram.o)
                0x0800138c                SdramHandle::DeviceInit()
 .text._ZN11SdramHandle4InitEv
                0x08001424       0x7c ../../libDaisy/build\libdaisy.a(sdram.o)
                0x08001424                SdramHandle::Init()
 .text.HAL_SDRAM_MspInit
                0x080014a0      0x1a8 ../../libDaisy/build\libdaisy.a(sdram.o)
                0x080014a0                HAL_SDRAM_MspInit
 .text._ZN5daisy11AudioHandle4Impl16InternalCallbackEPlS2_j
                0x08001648      0xbbc ../../libDaisy/build\libdaisy.a(audio.o)
                0x08001648                daisy::AudioHandle::Impl::InternalCallback(long*, long*, unsigned int)
 .text._ZN5daisy11AudioHandle4InitERKNS0_6ConfigENS_9SaiHandleE
                0x08002204       0x70 ../../libDaisy/build\libdaisy.a(audio.o)
                0x08002204                daisy::AudioHandle::Init(daisy::AudioHandle::Config const&, daisy::SaiHandle)
 .text._ZNK5daisy11AudioHandle9GetConfigEv
                0x08002274        0x8 ../../libDaisy/build\libdaisy.a(audio.o)
                0x08002274                daisy::AudioHandle::GetConfig() const
 .text._ZN5daisy11AudioHandle12SetBlockSizeEj
                0x0800227c       0x1c ../../libDaisy/build\libdaisy.a(audio.o)
                0x0800227c                daisy::AudioHandle::SetBlockSize(unsigned int)
 .text._ZN5daisy11AudioHandle13GetSampleRateEv
                0x08002298        0x8 ../../libDaisy/build\libdaisy.a(audio.o)
                0x08002298                daisy::AudioHandle::GetSampleRate()
 .text._ZN5daisy11AudioHandle5StartEPFvPKPKfPPfjE
                0x080022a0       0x44 ../../libDaisy/build\libdaisy.a(audio.o)
                0x080022a0                daisy::AudioHandle::Start(void (*)(float const* const*, float**, unsigned int))
 .text.startup._GLOBAL__sub_I__ZN5daisy11AudioHandle4Impl4InitENS0_6ConfigENS_9SaiHandleE
                0x080022e4       0x24 ../../libDaisy/build\libdaisy.a(audio.o)
 .text._ZN5daisy13AnalogControl4InitEPtfbbf
                0x08002308       0x64 ../../libDaisy/build\libdaisy.a(ctrl.o)
                0x08002308                daisy::AnalogControl::Init(unsigned short*, float, bool, bool, float)
 .text._ZN5daisy13AnalogControl7ProcessEv
                0x0800236c       0x48 ../../libDaisy/build\libdaisy.a(ctrl.o)
                0x0800236c                daisy::AnalogControl::Process()
 .text._ZN5daisy13AnalogControl13SetSampleRateEf
                0x080023b4       0x58 ../../libDaisy/build\libdaisy.a(ctrl.o)
                0x080023b4                daisy::AnalogControl::SetSampleRate(float)
 .text._ZN5daisy7Encoder4InitE12dsy_gpio_pinS1_S1_f
                0x0800240c       0x60 ../../libDaisy/build\libdaisy.a(encoder.o)
                0x0800240c                daisy::Encoder::Init(dsy_gpio_pin, dsy_gpio_pin, dsy_gpio_pin, float)
 .text._ZN5daisy7Encoder8DebounceEv
                0x0800246c       0x7c ../../libDaisy/build\libdaisy.a(encoder.o)
                0x0800246c                daisy::Encoder::Debounce()
 .text._ZN5daisy17MidiUartTransport6ConfigC2Ev
                0x080024e8       0x28 ../../libDaisy/build\libdaisy.a(midi.o)
                0x080024e8                daisy::MidiUartTransport::Config::Config()
                0x080024e8                daisy::MidiUartTransport::Config::Config()
 .text._ZN5daisy10MidiParser5ResetEv
                0x08002510        0xc ../../libDaisy/build\libdaisy.a(midi_parser.o)
                0x08002510                daisy::MidiParser::Reset()
 .text._ZN5daisy6RgbLed4InitE12dsy_gpio_pinS1_S1_b
                0x0800251c       0x50 ../../libDaisy/build\libdaisy.a(rgb_led.o)
                0x0800251c                daisy::RgbLed::Init(dsy_gpio_pin, dsy_gpio_pin, dsy_gpio_pin, bool)
 .text._ZN5daisy6RgbLed3SetEfff
                0x0800256c       0x34 ../../libDaisy/build\libdaisy.a(rgb_led.o)
                0x0800256c                daisy::RgbLed::Set(float, float, float)
 .text._ZN5daisy6RgbLed8SetColorENS_5ColorE
                0x080025a0       0x2c ../../libDaisy/build\libdaisy.a(rgb_led.o)
                0x080025a0                daisy::RgbLed::SetColor(daisy::Color)
 .text._ZN5daisy6RgbLed6UpdateEv
                0x080025cc       0x1c ../../libDaisy/build\libdaisy.a(rgb_led.o)
                0x080025cc                daisy::RgbLed::Update()
 .text._ZN5daisy6Switch4InitE12dsy_gpio_pinf
                0x080025e8       0x34 ../../libDaisy/build\libdaisy.a(switch.o)
                0x080025e8                daisy::Switch::Init(dsy_gpio_pin, float)
 .text._ZN5daisy6Switch8DebounceEv
                0x0800261c       0x5c ../../libDaisy/build\libdaisy.a(switch.o)
                0x0800261c                daisy::Switch::Debounce()
 .text._ZN5daisy16AdcChannelConfig10InitSingleE12dsy_gpio_pinNS0_15ConversionSpeedE
                0x08002678       0x28 ../../libDaisy/build\libdaisy.a(adc.o)
                0x08002678                daisy::AdcChannelConfig::InitSingle(dsy_gpio_pin, daisy::AdcChannelConfig::ConversionSpeed)
 .text._ZN5daisy9AdcHandle4InitEPNS_16AdcChannelConfigEjNS0_12OverSamplingE
                0x080026a0      0x41c ../../libDaisy/build\libdaisy.a(adc.o)
                0x080026a0                daisy::AdcHandle::Init(daisy::AdcChannelConfig*, unsigned int, daisy::AdcHandle::OverSampling)
 .text._ZN5daisy9AdcHandle5StartEv
                0x08002abc       0x2c ../../libDaisy/build\libdaisy.a(adc.o)
                0x08002abc                daisy::AdcHandle::Start()
 .text._ZNK5daisy9AdcHandle6GetPtrEh
                0x08002ae8       0x14 ../../libDaisy/build\libdaisy.a(adc.o)
                0x08002ae8                daisy::AdcHandle::GetPtr(unsigned char) const
 .text.HAL_ADC_MspInit
                0x08002afc       0x98 ../../libDaisy/build\libdaisy.a(adc.o)
                0x08002afc                HAL_ADC_MspInit
 .text.DMA1_Stream2_IRQHandler
                0x08002b94        0xc ../../libDaisy/build\libdaisy.a(adc.o)
                0x08002b94                DMA1_Stream2_IRQHandler
 .text.HAL_ADC_ConvCpltCallback
                0x08002ba0      0x148 ../../libDaisy/build\libdaisy.a(adc.o)
                0x08002ba0                HAL_ADC_ConvCpltCallback
 .text.HAL_ADC_ErrorCallback
                0x08002ce8        0x4 ../../libDaisy/build\libdaisy.a(adc.o)
                0x08002ce8                HAL_ADC_ErrorCallback
 .text._ZN5daisy4GPIO4InitENS_3PinENS0_4ModeENS0_4PullENS0_5SpeedE
                0x08002cec      0x1cc ../../libDaisy/build\libdaisy.a(gpio.o)
                0x08002cec                daisy::GPIO::Init(daisy::Pin, daisy::GPIO::Mode, daisy::GPIO::Pull, daisy::GPIO::Speed)
 .text._ZN5daisy4GPIO4ReadEv
                0x08002eb8       0x18 ../../libDaisy/build\libdaisy.a(gpio.o)
                0x08002eb8                daisy::GPIO::Read()
 .text._ZN5daisy4GPIO5WriteEb
                0x08002ed0       0x14 ../../libDaisy/build\libdaisy.a(gpio.o)
                0x08002ed0                daisy::GPIO::Write(bool)
 .text.dsy_gpio_init
                0x08002ee4      0x1b8 ../../libDaisy/build\libdaisy.a(gpio.o)
                0x08002ee4                dsy_gpio_init
 .text.dsy_gpio_read
                0x0800309c       0x1c ../../libDaisy/build\libdaisy.a(gpio.o)
                0x0800309c                dsy_gpio_read
 .text.dsy_gpio_write
                0x080030b8       0x24 ../../libDaisy/build\libdaisy.a(gpio.o)
                0x080030b8                dsy_gpio_write
 .text._ZN5daisy9I2CHandle4Impl8InitPinsEv
                0x080030dc       0x58 ../../libDaisy/build\libdaisy.a(i2c.o)
                0x080030dc                daisy::I2CHandle::Impl::InitPins()
 .text.HAL_I2C_MspInit
                0x08003134      0x1b4 ../../libDaisy/build\libdaisy.a(i2c.o)
                0x08003134                HAL_I2C_MspInit
 .text.dsy_i2c_global_init
                0x080032e8       0x78 ../../libDaisy/build\libdaisy.a(i2c.o)
                0x080032e8                dsy_i2c_global_init
 .text.DMA1_Stream6_IRQHandler
                0x08003360       0x34 ../../libDaisy/build\libdaisy.a(i2c.o)
                0x08003360                DMA1_Stream6_IRQHandler
 .text.I2C1_EV_IRQHandler
                0x08003394        0xc ../../libDaisy/build\libdaisy.a(i2c.o)
                0x08003394                I2C1_EV_IRQHandler
 .text.I2C2_EV_IRQHandler
                0x080033a0        0xc ../../libDaisy/build\libdaisy.a(i2c.o)
                0x080033a0                I2C2_EV_IRQHandler
 .text.I2C3_EV_IRQHandler
                0x080033ac        0xc ../../libDaisy/build\libdaisy.a(i2c.o)
                0x080033ac                I2C3_EV_IRQHandler
 .text._ZN5daisy9I2CHandle4InitERKNS0_6ConfigE
                0x080033b8      0x12c ../../libDaisy/build\libdaisy.a(i2c.o)
                0x080033b8                daisy::I2CHandle::Init(daisy::I2CHandle::Config const&)
 .text._ZN5daisy9I2CHandle16TransmitBlockingEtPhtm
                0x080034e4       0x50 ../../libDaisy/build\libdaisy.a(i2c.o)
                0x080034e4                daisy::I2CHandle::TransmitBlocking(unsigned short, unsigned char*, unsigned short, unsigned long)
 .text.startup._GLOBAL__sub_I__ZN5daisy9I2CHandle4Impl10GlobalInitEv
                0x08003534       0x18 ../../libDaisy/build\libdaisy.a(i2c.o)
 .text._ZN5daisy10QSPIHandle4Impl11WriteEnableEv
                0x0800354c       0x8c ../../libDaisy/build\libdaisy.a(qspi.o)
                0x0800354c                daisy::QSPIHandle::Impl::WriteEnable()
 .text._ZN5daisy10QSPIHandle4Impl17DummyCyclesConfigENS0_6Config6DeviceE
                0x080035d8      0x118 ../../libDaisy/build\libdaisy.a(qspi.o)
                0x080035d8                daisy::QSPIHandle::Impl::DummyCyclesConfig(daisy::QSPIHandle::Config::Device)
 .text._ZN5daisy10QSPIHandle4Impl10QuadEnableEv
                0x080036f0      0x158 ../../libDaisy/build\libdaisy.a(qspi.o)
                0x080036f0                daisy::QSPIHandle::Impl::QuadEnable()
 .text._ZN5daisy10QSPIHandle4InitERKNS0_6ConfigE
                0x08003848      0x198 ../../libDaisy/build\libdaisy.a(qspi.o)
                0x08003848                daisy::QSPIHandle::Init(daisy::QSPIHandle::Config const&)
 .text.HAL_QSPI_MspInit
                0x080039e0      0x11c ../../libDaisy/build\libdaisy.a(qspi.o)
                0x080039e0                HAL_QSPI_MspInit
 .text.HAL_QSPI_MspDeInit
                0x08003afc       0x54 ../../libDaisy/build\libdaisy.a(qspi.o)
                0x08003afc                HAL_QSPI_MspDeInit
 .text.QUADSPI_IRQHandler
                0x08003b50        0xc ../../libDaisy/build\libdaisy.a(qspi.o)
                0x08003b50                QUADSPI_IRQHandler
 .text.startup._GLOBAL__sub_I__ZN5daisy10QSPIHandle4Impl4InitERKNS0_6ConfigE
                0x08003b5c       0x28 ../../libDaisy/build\libdaisy.a(qspi.o)
 .text._ZN5daisy9SaiHandle4Impl7InitDmaENS1_15PeripheralBlockE
                0x08003b84       0xa0 ../../libDaisy/build\libdaisy.a(sai.o)
                0x08003b84                daisy::SaiHandle::Impl::InitDma(daisy::SaiHandle::Impl::PeripheralBlock)
 .text._ZN5daisy9SaiHandle4Impl8InitPinsEv
                0x08003c24       0xa8 ../../libDaisy/build\libdaisy.a(sai.o)
                0x08003c24                daisy::SaiHandle::Impl::InitPins()
 .text.HAL_SAI_MspInit
                0x08003ccc      0x164 ../../libDaisy/build\libdaisy.a(sai.o)
                0x08003ccc                HAL_SAI_MspInit
 .text.DMA1_Stream0_IRQHandler
                0x08003e30        0xc ../../libDaisy/build\libdaisy.a(sai.o)
                0x08003e30                DMA1_Stream0_IRQHandler
 .text.DMA1_Stream1_IRQHandler
                0x08003e3c        0xc ../../libDaisy/build\libdaisy.a(sai.o)
                0x08003e3c                DMA1_Stream1_IRQHandler
 .text.DMA1_Stream3_IRQHandler
                0x08003e48        0xc ../../libDaisy/build\libdaisy.a(sai.o)
                0x08003e48                DMA1_Stream3_IRQHandler
 .text.DMA1_Stream4_IRQHandler
                0x08003e54        0xc ../../libDaisy/build\libdaisy.a(sai.o)
                0x08003e54                DMA1_Stream4_IRQHandler
 .text.HAL_SAI_RxHalfCpltCallback
                0x08003e60       0x78 ../../libDaisy/build\libdaisy.a(sai.o)
                0x08003e60                HAL_SAI_RxHalfCpltCallback
 .text.HAL_SAI_RxCpltCallback
                0x08003ed8       0x70 ../../libDaisy/build\libdaisy.a(sai.o)
                0x08003ed8                HAL_SAI_RxCpltCallback
 .text._ZN5daisy9SaiHandle4InitERKNS0_6ConfigE
                0x08003f48      0x1f0 ../../libDaisy/build\libdaisy.a(sai.o)
                0x08003f48                daisy::SaiHandle::Init(daisy::SaiHandle::Config const&)
 .text._ZNK5daisy9SaiHandle9GetConfigEv
                0x08004138        0x4 ../../libDaisy/build\libdaisy.a(sai.o)
                0x08004138                daisy::SaiHandle::GetConfig() const
 .text._ZN5daisy9SaiHandle8StartDmaEPlS1_jPFvS1_S1_jE
                0x0800413c       0xbc ../../libDaisy/build\libdaisy.a(sai.o)
                0x0800413c                daisy::SaiHandle::StartDma(long*, long*, unsigned int, void (*)(long*, long*, unsigned int))
 .text._ZN5daisy9SaiHandle13GetSampleRateEv
                0x080041f8       0x24 ../../libDaisy/build\libdaisy.a(sai.o)
                0x080041f8                daisy::SaiHandle::GetSampleRate()
 .text._ZNK5daisy9SaiHandle9GetOffsetEv
                0x0800421c        0x8 ../../libDaisy/build\libdaisy.a(sai.o)
                0x0800421c                daisy::SaiHandle::GetOffset() const
 .text._ZL20UART_CheckRxListenerPN5daisy11UartHandler4ImplE
                0x08004224       0x84 ../../libDaisy/build\libdaisy.a(uart.o)
 .text._ZN5daisy11UartHandler4Impl10StartDmaTxEPhjPFvPvEPFvS3_NS0_6ResultEES3_
                0x080042a8      0x184 ../../libDaisy/build\libdaisy.a(uart.o)
                0x080042a8                daisy::UartHandler::Impl::StartDmaTx(unsigned char*, unsigned int, void (*)(void*), void (*)(void*, daisy::UartHandler::Result), void*)
 .text._ZN5daisy11UartHandler4Impl10StartDmaRxEPhjPFvPvEPFvS3_NS0_6ResultEES3_
                0x0800442c      0x184 ../../libDaisy/build\libdaisy.a(uart.o)
                0x0800442c                daisy::UartHandler::Impl::StartDmaRx(unsigned char*, unsigned int, void (*)(void*), void (*)(void*, daisy::UartHandler::Result), void*)
 .text._ZN5daisy11UartHandler4Impl19DmaTransferFinishedEP20__UART_HandleTypeDefNS0_6ResultE
                0x080045b0       0xc0 ../../libDaisy/build\libdaisy.a(uart.o)
                0x080045b0                daisy::UartHandler::Impl::DmaTransferFinished(__UART_HandleTypeDef*, daisy::UartHandler::Result)
 .text._ZN5daisy11UartHandler4Impl8InitPinsEv
                0x08004670      0x154 ../../libDaisy/build\libdaisy.a(uart.o)
                0x08004670                daisy::UartHandler::Impl::InitPins()
 .text.HAL_UART_MspInit
                0x080047c4      0x210 ../../libDaisy/build\libdaisy.a(uart.o)
                0x080047c4                HAL_UART_MspInit
 .text.dsy_uart_global_init
                0x080049d4      0x110 ../../libDaisy/build\libdaisy.a(uart.o)
                0x080049d4                dsy_uart_global_init
 .text.USART1_IRQHandler
                0x08004ae4       0x2c ../../libDaisy/build\libdaisy.a(uart.o)
                0x08004ae4                USART1_IRQHandler
 .text.USART2_IRQHandler
                0x08004b10       0x34 ../../libDaisy/build\libdaisy.a(uart.o)
                0x08004b10                USART2_IRQHandler
 .text.USART3_IRQHandler
                0x08004b44       0x34 ../../libDaisy/build\libdaisy.a(uart.o)
                0x08004b44                USART3_IRQHandler
 .text.UART4_IRQHandler
                0x08004b78       0x34 ../../libDaisy/build\libdaisy.a(uart.o)
                0x08004b78                UART4_IRQHandler
 .text.UART5_IRQHandler
                0x08004bac       0x34 ../../libDaisy/build\libdaisy.a(uart.o)
                0x08004bac                UART5_IRQHandler
 .text.USART6_IRQHandler
                0x08004be0       0x34 ../../libDaisy/build\libdaisy.a(uart.o)
                0x08004be0                USART6_IRQHandler
 .text.UART7_IRQHandler
                0x08004c14       0x34 ../../libDaisy/build\libdaisy.a(uart.o)
                0x08004c14                UART7_IRQHandler
 .text.UART8_IRQHandler
                0x08004c48       0x34 ../../libDaisy/build\libdaisy.a(uart.o)
                0x08004c48                UART8_IRQHandler
 .text.LPUART1_IRQHandler
                0x08004c7c       0x34 ../../libDaisy/build\libdaisy.a(uart.o)
                0x08004c7c                LPUART1_IRQHandler
 .text.DMA1_Stream5_IRQHandler
                0x08004cb0       0x34 ../../libDaisy/build\libdaisy.a(uart.o)
                0x08004cb0                DMA1_Stream5_IRQHandler
 .text.DMA2_Stream4_IRQHandler
                0x08004ce4       0x38 ../../libDaisy/build\libdaisy.a(uart.o)
                0x08004ce4                DMA2_Stream4_IRQHandler
 .text.HAL_UART_TxCpltCallback
                0x08004d1c        0x8 ../../libDaisy/build\libdaisy.a(uart.o)
                0x08004d1c                HAL_UART_TxCpltCallback
 .text.HAL_UART_RxCpltCallback
                0x08004d24       0x94 ../../libDaisy/build\libdaisy.a(uart.o)
                0x08004d24                HAL_UART_RxCpltCallback
 .text.HAL_UART_RxHalfCpltCallback
                0x08004db8       0x90 ../../libDaisy/build\libdaisy.a(uart.o)
                0x08004db8                HAL_UART_RxHalfCpltCallback
 .text.HAL_UART_ErrorCallback
                0x08004e48        0x8 ../../libDaisy/build\libdaisy.a(uart.o)
                0x08004e48                HAL_UART_ErrorCallback
 .text._ZN5daisy11UartHandler4InitERKNS0_6ConfigE
                0x08004e50       0xd4 ../../libDaisy/build\libdaisy.a(uart.o)
                0x08004e50                daisy::UartHandler::Init(daisy::UartHandler::Config const&)
 .text.startup._GLOBAL__sub_I__Z19MapInstanceToHandleP13USART_TypeDef
                0x08004f24      0x194 ../../libDaisy/build\libdaisy.a(uart.o)
 .text.dsy_dma_init
                0x080050b8      0x100 ../../libDaisy/build\libdaisy.a(dma.o)
                0x080050b8                dsy_dma_init
 .text.dsy_dma_invalidate_cache_for_buffer
                0x080051b8       0x2c ../../libDaisy/build\libdaisy.a(dma.o)
                0x080051b8                dsy_dma_invalidate_cache_for_buffer
 .text._ZN5daisy11TimerHandleD2Ev
                0x080051e4        0x4 ../../libDaisy/build\libdaisy.a(system.o)
                0x080051e4                daisy::TimerHandle::~TimerHandle()
                0x080051e4                daisy::TimerHandle::~TimerHandle()
 .text.SysTick_Handler
                0x080051e8       0x10 ../../libDaisy/build\libdaisy.a(system.o)
                0x080051e8                SysTick_Handler
 .text.OTG_HS_EP1_OUT_IRQHandler
                0x080051f8       0x24 ../../libDaisy/build\libdaisy.a(system.o)
                0x080051f8                OTG_HS_EP1_OUT_IRQHandler
 .text.OTG_HS_EP1_IN_IRQHandler
                0x0800521c       0x24 ../../libDaisy/build\libdaisy.a(system.o)
                0x0800521c                OTG_HS_EP1_IN_IRQHandler
 .text.OTG_HS_IRQHandler
                0x08005240       0x24 ../../libDaisy/build\libdaisy.a(system.o)
                0x08005240                OTG_HS_IRQHandler
 .text.HardFault_Handler
                0x08005264       0xe0 ../../libDaisy/build\libdaisy.a(system.o)
                0x08005264                HardFault_Handler
 .text._ZN5daisy6System6GetNowEv
                0x08005344        0x4 ../../libDaisy/build\libdaisy.a(system.o)
                0x08005344                daisy::System::GetNow()
 .text._ZN5daisy6System5DelayEm
                0x08005348        0x4 ../../libDaisy/build\libdaisy.a(system.o)
                0x08005348                daisy::System::Delay(unsigned long)
 .text._ZN5daisy6System20GetBootloaderVersionEv
                0x0800534c       0x34 ../../libDaisy/build\libdaisy.a(system.o)
                0x0800534c                daisy::System::GetBootloaderVersion()
 .text._ZN5daisy6System15ConfigureClocksEv
                0x08005380      0x194 ../../libDaisy/build\libdaisy.a(system.o)
                0x08005380                daisy::System::ConfigureClocks()
 .text._ZN5daisy6System12ConfigureMpuEv
                0x08005514       0x7c ../../libDaisy/build\libdaisy.a(system.o)
                0x08005514                daisy::System::ConfigureMpu()
 .text._ZN5daisy6System4InitERKNS0_6ConfigE
                0x08005590       0xec ../../libDaisy/build\libdaisy.a(system.o)
                0x08005590                daisy::System::Init(daisy::System::Config const&)
 .text._ZN5daisy6System12GetPClk1FreqEv
                0x0800567c        0x4 ../../libDaisy/build\libdaisy.a(system.o)
                0x0800567c                daisy::System::GetPClk1Freq()
 .text._ZN5daisy6System22GetProgramMemoryRegionEv
                0x08005680       0x78 ../../libDaisy/build\libdaisy.a(system.o)
                0x08005680                daisy::System::GetProgramMemoryRegion()
 .text.startup._GLOBAL__sub_I__ZN5daisy9boot_infoE
                0x080056f8       0x1c ../../libDaisy/build\libdaisy.a(system.o)
 .text.SystemInit
                0x08005714       0x9c ../../libDaisy/build\libdaisy.a(system_stm32h7xx.o)
                0x08005714                SystemInit
 .text.HAL_PCD_SetupStageCallback
                0x080057b0        0xc ../../libDaisy/build\libdaisy.a(usbd_conf.o)
                0x080057b0                HAL_PCD_SetupStageCallback
 .text.HAL_PCD_DataOutStageCallback
                0x080057bc       0x14 ../../libDaisy/build\libdaisy.a(usbd_conf.o)
                0x080057bc                HAL_PCD_DataOutStageCallback
 .text.HAL_PCD_DataInStageCallback
                0x080057d0       0x14 ../../libDaisy/build\libdaisy.a(usbd_conf.o)
                0x080057d0                HAL_PCD_DataInStageCallback
 .text.HAL_PCD_SOFCallback
                0x080057e4        0x8 ../../libDaisy/build\libdaisy.a(usbd_conf.o)
                0x080057e4                HAL_PCD_SOFCallback
 .text.HAL_PCD_ResetCallback
                0x080057ec       0x24 ../../libDaisy/build\libdaisy.a(usbd_conf.o)
                0x080057ec                HAL_PCD_ResetCallback
 .text.HAL_PCD_SuspendCallback
                0x08005810       0x30 ../../libDaisy/build\libdaisy.a(usbd_conf.o)
                0x08005810                HAL_PCD_SuspendCallback
 .text.HAL_PCD_ResumeCallback
                0x08005840        0x8 ../../libDaisy/build\libdaisy.a(usbd_conf.o)
                0x08005840                HAL_PCD_ResumeCallback
 .text.HAL_PCD_ISOOUTIncompleteCallback
                0x08005848        0x8 ../../libDaisy/build\libdaisy.a(usbd_conf.o)
                0x08005848                HAL_PCD_ISOOUTIncompleteCallback
 .text.HAL_PCD_ISOINIncompleteCallback
                0x08005850        0x8 ../../libDaisy/build\libdaisy.a(usbd_conf.o)
                0x08005850                HAL_PCD_ISOINIncompleteCallback
 .text.HAL_PCD_ConnectCallback
                0x08005858        0x8 ../../libDaisy/build\libdaisy.a(usbd_conf.o)
                0x08005858                HAL_PCD_ConnectCallback
 .text.HAL_PCD_DisconnectCallback
                0x08005860        0x8 ../../libDaisy/build\libdaisy.a(usbd_conf.o)
                0x08005860                HAL_PCD_DisconnectCallback
 .text.USBD_LL_OpenEP
                0x08005868       0x24 ../../libDaisy/build\libdaisy.a(usbd_conf.o)
                0x08005868                USBD_LL_OpenEP
 .text.USBD_LL_StallEP
                0x0800588c       0x1c ../../libDaisy/build\libdaisy.a(usbd_conf.o)
                0x0800588c                USBD_LL_StallEP
 .text.USBD_LL_ClearStallEP
                0x080058a8       0x1c ../../libDaisy/build\libdaisy.a(usbd_conf.o)
                0x080058a8                USBD_LL_ClearStallEP
 .text.USBD_LL_IsStallEP
                0x080058c4       0x28 ../../libDaisy/build\libdaisy.a(usbd_conf.o)
                0x080058c4                USBD_LL_IsStallEP
 .text.USBD_LL_SetUSBAddress
                0x080058ec       0x1c ../../libDaisy/build\libdaisy.a(usbd_conf.o)
                0x080058ec                USBD_LL_SetUSBAddress
 .text.USBD_LL_Transmit
                0x08005908       0x1c ../../libDaisy/build\libdaisy.a(usbd_conf.o)
                0x08005908                USBD_LL_Transmit
 .text.USBD_LL_PrepareReceive
                0x08005924       0x1c ../../libDaisy/build\libdaisy.a(usbd_conf.o)
                0x08005924                USBD_LL_PrepareReceive
 .text.HAL_HCD_SOF_Callback
                0x08005940        0x8 ../../libDaisy/build\libdaisy.a(usbh_conf.o)
                0x08005940                HAL_HCD_SOF_Callback
 .text.HAL_HCD_Connect_Callback
                0x08005948        0x8 ../../libDaisy/build\libdaisy.a(usbh_conf.o)
                0x08005948                HAL_HCD_Connect_Callback
 .text.HAL_HCD_Disconnect_Callback
                0x08005950        0x8 ../../libDaisy/build\libdaisy.a(usbh_conf.o)
                0x08005950                HAL_HCD_Disconnect_Callback
 .text.HAL_HCD_HC_NotifyURBChange_Callback
                0x08005958        0x4 ../../libDaisy/build\libdaisy.a(usbh_conf.o)
                0x08005958                HAL_HCD_HC_NotifyURBChange_Callback
 .text.HAL_HCD_PortEnabled_Callback
                0x0800595c        0x8 ../../libDaisy/build\libdaisy.a(usbh_conf.o)
                0x0800595c                HAL_HCD_PortEnabled_Callback
 .text.HAL_HCD_PortDisabled_Callback
                0x08005964        0x8 ../../libDaisy/build\libdaisy.a(usbh_conf.o)
                0x08005964                HAL_HCD_PortDisabled_Callback
 .text.USBH_LL_Stop
                0x0800596c       0x1c ../../libDaisy/build\libdaisy.a(usbh_conf.o)
                0x0800596c                USBH_LL_Stop
 .text._ZN5daisy5Color4InitENS0_11PresetColorE
                0x08005988       0x20 ../../libDaisy/build\libdaisy.a(color.o)
                0x08005988                daisy::Color::Init(daisy::Color::PresetColor)
 .text.dsy_hal_map_get_port
                0x080059a8       0x10 ../../libDaisy/build\libdaisy.a(hal_map.o)
                0x080059a8                dsy_hal_map_get_port
 .text.dsy_hal_map_get_pin
                0x080059b8       0x10 ../../libDaisy/build\libdaisy.a(hal_map.o)
                0x080059b8                dsy_hal_map_get_pin
 .text.dsy_hal_map_gpio_clk_enable
                0x080059c8      0x150 ../../libDaisy/build\libdaisy.a(hal_map.o)
                0x080059c8                dsy_hal_map_gpio_clk_enable
 .text.HAL_MspInit
                0x08005b18        0x4 ../../libDaisy/build\libdaisy.a(stm32h7xx_hal.o)
                0x08005b18                HAL_MspInit
 .text.HAL_InitTick
                0x08005b1c       0x4c ../../libDaisy/build\libdaisy.a(stm32h7xx_hal.o)
                0x08005b1c                HAL_InitTick
 .text.HAL_Init
                0x08005b68       0x60 ../../libDaisy/build\libdaisy.a(stm32h7xx_hal.o)
                0x08005b68                HAL_Init
 .text.HAL_IncTick
                0x08005bc8       0x18 ../../libDaisy/build\libdaisy.a(stm32h7xx_hal.o)
                0x08005bc8                HAL_IncTick
 .text.HAL_GetTick
                0x08005be0        0xc ../../libDaisy/build\libdaisy.a(stm32h7xx_hal.o)
                0x08005be0                HAL_GetTick
 .text.HAL_Delay
                0x08005bec       0x24 ../../libDaisy/build\libdaisy.a(stm32h7xx_hal.o)
                0x08005bec                HAL_Delay
 .text.HAL_GetREVID
                0x08005c10        0xc ../../libDaisy/build\libdaisy.a(stm32h7xx_hal.o)
                0x08005c10                HAL_GetREVID
 .text.HAL_ADC_ConvHalfCpltCallback
                0x08005c1c        0x4 ../../libDaisy/build\libdaisy.a(stm32h7xx_hal_adc.o)
                0x08005c1c                HAL_ADC_ConvHalfCpltCallback
 .text.ADC_DMAHalfConvCplt
                0x08005c20        0xc ../../libDaisy/build\libdaisy.a(stm32h7xx_hal_adc.o)
                0x08005c20                ADC_DMAHalfConvCplt
 .text.ADC_DMAConvCplt
                0x08005c2c       0x6c ../../libDaisy/build\libdaisy.a(stm32h7xx_hal_adc.o)
                0x08005c2c                ADC_DMAConvCplt
 .text.ADC_DMAError
                0x08005c98       0x1c ../../libDaisy/build\libdaisy.a(stm32h7xx_hal_adc.o)
                0x08005c98                ADC_DMAError
 .text.HAL_ADC_ConfigChannel
                0x08005cb4      0x3fc ../../libDaisy/build\libdaisy.a(stm32h7xx_hal_adc.o)
                0x08005cb4                HAL_ADC_ConfigChannel
 .text.ADC_Enable
                0x080060b0       0xac ../../libDaisy/build\libdaisy.a(stm32h7xx_hal_adc.o)
                0x080060b0                ADC_Enable
 .text.HAL_ADC_Start_DMA
                0x0800615c      0x114 ../../libDaisy/build\libdaisy.a(stm32h7xx_hal_adc.o)
                0x0800615c                HAL_ADC_Start_DMA
 .text.ADC_Disable
                0x08006270       0x68 ../../libDaisy/build\libdaisy.a(stm32h7xx_hal_adc.o)
                0x08006270                ADC_Disable
 .text.ADC_ConfigureBoostMode
                0x080062d8      0x184 ../../libDaisy/build\libdaisy.a(stm32h7xx_hal_adc.o)
                0x080062d8                ADC_ConfigureBoostMode
 .text.HAL_ADC_Init
                0x0800645c      0x218 ../../libDaisy/build\libdaisy.a(stm32h7xx_hal_adc.o)
                0x0800645c                HAL_ADC_Init
 .text.HAL_ADCEx_Calibration_Start
                0x08006674       0xa4 ../../libDaisy/build\libdaisy.a(stm32h7xx_hal_adc_ex.o)
                0x08006674                HAL_ADCEx_Calibration_Start
 .text.HAL_ADCEx_MultiModeConfigChannel
                0x08006718       0xc4 ../../libDaisy/build\libdaisy.a(stm32h7xx_hal_adc_ex.o)
                0x08006718                HAL_ADCEx_MultiModeConfigChannel
 .text.HAL_NVIC_SetPriorityGrouping
                0x080067dc       0x24 ../../libDaisy/build\libdaisy.a(stm32h7xx_hal_cortex.o)
                0x080067dc                HAL_NVIC_SetPriorityGrouping
 .text.HAL_NVIC_SetPriority
                0x08006800       0x7c ../../libDaisy/build\libdaisy.a(stm32h7xx_hal_cortex.o)
                0x08006800                HAL_NVIC_SetPriority
 .text.HAL_NVIC_EnableIRQ
                0x0800687c       0x1c ../../libDaisy/build\libdaisy.a(stm32h7xx_hal_cortex.o)
                0x0800687c                HAL_NVIC_EnableIRQ
 .text.HAL_NVIC_DisableIRQ
                0x08006898       0x28 ../../libDaisy/build\libdaisy.a(stm32h7xx_hal_cortex.o)
                0x08006898                HAL_NVIC_DisableIRQ
 .text.HAL_SYSTICK_Config
                0x080068c0       0x2c ../../libDaisy/build\libdaisy.a(stm32h7xx_hal_cortex.o)
                0x080068c0                HAL_SYSTICK_Config
 .text.HAL_MPU_Disable
                0x080068ec       0x1c ../../libDaisy/build\libdaisy.a(stm32h7xx_hal_cortex.o)
                0x080068ec                HAL_MPU_Disable
 .text.HAL_MPU_Enable
                0x08006908       0x20 ../../libDaisy/build\libdaisy.a(stm32h7xx_hal_cortex.o)
                0x08006908                HAL_MPU_Enable
 .text.HAL_MPU_ConfigRegion
                0x08006928       0x64 ../../libDaisy/build\libdaisy.a(stm32h7xx_hal_cortex.o)
                0x08006928                HAL_MPU_ConfigRegion
 .text.HAL_SYSTICK_Callback
                0x0800698c        0x4 ../../libDaisy/build\libdaisy.a(stm32h7xx_hal_cortex.o)
                0x0800698c                HAL_SYSTICK_Callback
 .text.HAL_SYSTICK_IRQHandler
                0x08006990        0x8 ../../libDaisy/build\libdaisy.a(stm32h7xx_hal_cortex.o)
                0x08006990                HAL_SYSTICK_IRQHandler
 .text.DMA_CalcBaseAndBitshift
                0x08006998       0xf4 ../../libDaisy/build\libdaisy.a(stm32h7xx_hal_dma.o)
 .text.DMA_CalcDMAMUXChannelBaseAndMask
                0x08006a8c       0xd8 ../../libDaisy/build\libdaisy.a(stm32h7xx_hal_dma.o)
 .text.HAL_DMA_Init
                0x08006b64      0x37c ../../libDaisy/build\libdaisy.a(stm32h7xx_hal_dma.o)
                0x08006b64                HAL_DMA_Init
 .text.HAL_DMA_Start_IT
                0x08006ee0      0x240 ../../libDaisy/build\libdaisy.a(stm32h7xx_hal_dma.o)
                0x08006ee0                HAL_DMA_Start_IT
 .text.HAL_DMA_Abort_IT
                0x08007120      0x134 ../../libDaisy/build\libdaisy.a(stm32h7xx_hal_dma.o)
                0x08007120                HAL_DMA_Abort_IT
 .text.HAL_DMA_IRQHandler
                0x08007254      0x6a0 ../../libDaisy/build\libdaisy.a(stm32h7xx_hal_dma.o)
                0x08007254                HAL_DMA_IRQHandler
 .text.HAL_DMA_GetError
                0x080078f4        0x4 ../../libDaisy/build\libdaisy.a(stm32h7xx_hal_dma.o)
                0x080078f4                HAL_DMA_GetError
 .text.HAL_GPIO_Init
                0x080078f8      0x280 ../../libDaisy/build\libdaisy.a(stm32h7xx_hal_gpio.o)
                0x080078f8                HAL_GPIO_Init
 .text.HAL_GPIO_DeInit
                0x08007b78      0x190 ../../libDaisy/build\libdaisy.a(stm32h7xx_hal_gpio.o)
                0x08007b78                HAL_GPIO_DeInit
 .text.HAL_GPIO_ReadPin
                0x08007d08        0xc ../../libDaisy/build\libdaisy.a(stm32h7xx_hal_gpio.o)
                0x08007d08                HAL_GPIO_ReadPin
 .text.HAL_GPIO_WritePin
                0x08007d14        0x8 ../../libDaisy/build\libdaisy.a(stm32h7xx_hal_gpio.o)
                0x08007d14                HAL_GPIO_WritePin
 .text.HAL_HCD_IRQHandler
                0x08007d1c      0x780 ../../libDaisy/build\libdaisy.a(stm32h7xx_hal_hcd.o)
                0x08007d1c                HAL_HCD_IRQHandler
 .text.HAL_HCD_Stop
                0x0800849c       0x28 ../../libDaisy/build\libdaisy.a(stm32h7xx_hal_hcd.o)
                0x0800849c                HAL_HCD_Stop
 .text.I2C_WaitOnTXISFlagUntilTimeout
                0x080084c4       0xb8 ../../libDaisy/build\libdaisy.a(stm32h7xx_hal_i2c.o)
 .text.I2C_WaitOnSTOPFlagUntilTimeout
                0x0800857c       0xac ../../libDaisy/build\libdaisy.a(stm32h7xx_hal_i2c.o)
 .text.HAL_I2C_Init
                0x08008628       0xac ../../libDaisy/build\libdaisy.a(stm32h7xx_hal_i2c.o)
                0x08008628                HAL_I2C_Init
 .text.HAL_I2C_Master_Transmit
                0x080086d4      0x1a8 ../../libDaisy/build\libdaisy.a(stm32h7xx_hal_i2c.o)
                0x080086d4                HAL_I2C_Master_Transmit
 .text.HAL_I2C_Slave_Transmit
                0x0800887c      0x1c8 ../../libDaisy/build\libdaisy.a(stm32h7xx_hal_i2c.o)
                0x0800887c                HAL_I2C_Slave_Transmit
 .text.HAL_I2C_EV_IRQHandler
                0x08008a44       0x10 ../../libDaisy/build\libdaisy.a(stm32h7xx_hal_i2c.o)
                0x08008a44                HAL_I2C_EV_IRQHandler
 .text.HAL_I2C_GetState
                0x08008a54        0x8 ../../libDaisy/build\libdaisy.a(stm32h7xx_hal_i2c.o)
                0x08008a54                HAL_I2C_GetState
 .text.HAL_I2CEx_ConfigAnalogFilter
                0x08008a5c       0x54 ../../libDaisy/build\libdaisy.a(stm32h7xx_hal_i2c_ex.o)
                0x08008a5c                HAL_I2CEx_ConfigAnalogFilter
 .text.HAL_I2CEx_ConfigDigitalFilter
                0x08008ab0       0x58 ../../libDaisy/build\libdaisy.a(stm32h7xx_hal_i2c_ex.o)
                0x08008ab0                HAL_I2CEx_ConfigDigitalFilter
 .text.HAL_PCD_IRQHandler
                0x08008b08      0x69c ../../libDaisy/build\libdaisy.a(stm32h7xx_hal_pcd.o)
                0x08008b08                HAL_PCD_IRQHandler
 .text.HAL_PCD_SetAddress
                0x080091a4       0x2c ../../libDaisy/build\libdaisy.a(stm32h7xx_hal_pcd.o)
                0x080091a4                HAL_PCD_SetAddress
 .text.HAL_PCD_EP_Open
                0x080091d0       0x7c ../../libDaisy/build\libdaisy.a(stm32h7xx_hal_pcd.o)
                0x080091d0                HAL_PCD_EP_Open
 .text.HAL_PCD_EP_Receive
                0x0800924c       0x50 ../../libDaisy/build\libdaisy.a(stm32h7xx_hal_pcd.o)
                0x0800924c                HAL_PCD_EP_Receive
 .text.HAL_PCD_EP_Transmit
                0x0800929c       0x50 ../../libDaisy/build\libdaisy.a(stm32h7xx_hal_pcd.o)
                0x0800929c                HAL_PCD_EP_Transmit
 .text.HAL_PCD_EP_SetStall
                0x080092ec       0x88 ../../libDaisy/build\libdaisy.a(stm32h7xx_hal_pcd.o)
                0x080092ec                HAL_PCD_EP_SetStall
 .text.HAL_PCD_EP_ClrStall
                0x08009374       0x78 ../../libDaisy/build\libdaisy.a(stm32h7xx_hal_pcd.o)
                0x08009374                HAL_PCD_EP_ClrStall
 .text.HAL_PCDEx_LPM_Callback
                0x080093ec        0x4 ../../libDaisy/build\libdaisy.a(stm32h7xx_hal_pcd_ex.o)
                0x080093ec                HAL_PCDEx_LPM_Callback
 .text.HAL_PWREx_ConfigSupply
                0x080093f0       0x4c ../../libDaisy/build\libdaisy.a(stm32h7xx_hal_pwr_ex.o)
                0x080093f0                HAL_PWREx_ConfigSupply
 .text.HAL_PWREx_EnableUSBVoltageDetector
                0x0800943c       0x10 ../../libDaisy/build\libdaisy.a(stm32h7xx_hal_pwr_ex.o)
                0x0800943c                HAL_PWREx_EnableUSBVoltageDetector
 .text.QSPI_Config
                0x0800944c      0x174 ../../libDaisy/build\libdaisy.a(stm32h7xx_hal_qspi.o)
 .text.HAL_QSPI_Init
                0x080095c0       0xd8 ../../libDaisy/build\libdaisy.a(stm32h7xx_hal_qspi.o)
                0x080095c0                HAL_QSPI_Init
 .text.HAL_QSPI_DeInit
                0x08009698       0x3c ../../libDaisy/build\libdaisy.a(stm32h7xx_hal_qspi.o)
                0x08009698                HAL_QSPI_DeInit
 .text.HAL_QSPI_Command
                0x080096d4       0xd4 ../../libDaisy/build\libdaisy.a(stm32h7xx_hal_qspi.o)
                0x080096d4                HAL_QSPI_Command
 .text.HAL_QSPI_Transmit
                0x080097a8       0xfc ../../libDaisy/build\libdaisy.a(stm32h7xx_hal_qspi.o)
                0x080097a8                HAL_QSPI_Transmit
 .text.HAL_QSPI_Receive
                0x080098a4      0x108 ../../libDaisy/build\libdaisy.a(stm32h7xx_hal_qspi.o)
                0x080098a4                HAL_QSPI_Receive
 .text.HAL_QSPI_AutoPolling
                0x080099ac       0xf0 ../../libDaisy/build\libdaisy.a(stm32h7xx_hal_qspi.o)
                0x080099ac                HAL_QSPI_AutoPolling
 .text.HAL_QSPI_MemoryMapped
                0x08009a9c       0xc0 ../../libDaisy/build\libdaisy.a(stm32h7xx_hal_qspi.o)
                0x08009a9c                HAL_QSPI_MemoryMapped
 .text.HAL_QSPI_ErrorCallback
                0x08009b5c        0x4 ../../libDaisy/build\libdaisy.a(stm32h7xx_hal_qspi.o)
                0x08009b5c                HAL_QSPI_ErrorCallback
 .text.QSPI_DMAAbortCplt
                0x08009b60       0x38 ../../libDaisy/build\libdaisy.a(stm32h7xx_hal_qspi.o)
 .text.HAL_QSPI_AbortCpltCallback
                0x08009b98        0x4 ../../libDaisy/build\libdaisy.a(stm32h7xx_hal_qspi.o)
                0x08009b98                HAL_QSPI_AbortCpltCallback
 .text.HAL_QSPI_CmdCpltCallback
                0x08009b9c        0x4 ../../libDaisy/build\libdaisy.a(stm32h7xx_hal_qspi.o)
                0x08009b9c                HAL_QSPI_CmdCpltCallback
 .text.HAL_QSPI_RxCpltCallback
                0x08009ba0        0x4 ../../libDaisy/build\libdaisy.a(stm32h7xx_hal_qspi.o)
                0x08009ba0                HAL_QSPI_RxCpltCallback
 .text.HAL_QSPI_TxCpltCallback
                0x08009ba4        0x4 ../../libDaisy/build\libdaisy.a(stm32h7xx_hal_qspi.o)
                0x08009ba4                HAL_QSPI_TxCpltCallback
 .text.HAL_QSPI_FifoThresholdCallback
                0x08009ba8        0x4 ../../libDaisy/build\libdaisy.a(stm32h7xx_hal_qspi.o)
                0x08009ba8                HAL_QSPI_FifoThresholdCallback
 .text.HAL_QSPI_StatusMatchCallback
                0x08009bac        0x4 ../../libDaisy/build\libdaisy.a(stm32h7xx_hal_qspi.o)
                0x08009bac                HAL_QSPI_StatusMatchCallback
 .text.HAL_QSPI_TimeOutCallback
                0x08009bb0        0x4 ../../libDaisy/build\libdaisy.a(stm32h7xx_hal_qspi.o)
                0x08009bb0                HAL_QSPI_TimeOutCallback
 .text.HAL_QSPI_IRQHandler
                0x08009bb4      0x210 ../../libDaisy/build\libdaisy.a(stm32h7xx_hal_qspi.o)
                0x08009bb4                HAL_QSPI_IRQHandler
 .text.HAL_RCC_OscConfig
                0x08009dc4      0x51c ../../libDaisy/build\libdaisy.a(stm32h7xx_hal_rcc.o)
                0x08009dc4                HAL_RCC_OscConfig
 .text.HAL_RCC_GetSysClockFreq
                0x0800a2e0      0x140 ../../libDaisy/build\libdaisy.a(stm32h7xx_hal_rcc.o)
                0x0800a2e0                HAL_RCC_GetSysClockFreq
 .text.HAL_RCC_ClockConfig
                0x0800a420      0x234 ../../libDaisy/build\libdaisy.a(stm32h7xx_hal_rcc.o)
                0x0800a420                HAL_RCC_ClockConfig
 .text.HAL_RCC_GetHCLKFreq
                0x0800a654       0x2c ../../libDaisy/build\libdaisy.a(stm32h7xx_hal_rcc.o)
                0x0800a654                HAL_RCC_GetHCLKFreq
 .text.HAL_RCC_GetPCLK1Freq
                0x0800a680       0x38 ../../libDaisy/build\libdaisy.a(stm32h7xx_hal_rcc.o)
                0x0800a680                HAL_RCC_GetPCLK1Freq
 .text.HAL_RCC_GetPCLK2Freq
                0x0800a6b8       0x38 ../../libDaisy/build\libdaisy.a(stm32h7xx_hal_rcc.o)
                0x0800a6b8                HAL_RCC_GetPCLK2Freq
 .text.RCCEx_PLL2_Config
                0x0800a6f0       0xf4 ../../libDaisy/build\libdaisy.a(stm32h7xx_hal_rcc_ex.o)
 .text.RCCEx_PLL3_Config
                0x0800a7e4       0xf4 ../../libDaisy/build\libdaisy.a(stm32h7xx_hal_rcc_ex.o)
 .text.HAL_RCCEx_PeriphCLKConfig
                0x0800a8d8      0xa7c ../../libDaisy/build\libdaisy.a(stm32h7xx_hal_rcc_ex.o)
                0x0800a8d8                HAL_RCCEx_PeriphCLKConfig
 .text.HAL_RCCEx_GetD3PCLK1Freq
                0x0800b354       0x24 ../../libDaisy/build\libdaisy.a(stm32h7xx_hal_rcc_ex.o)
                0x0800b354                HAL_RCCEx_GetD3PCLK1Freq
 .text.HAL_RCCEx_GetPLL2ClockFreq
                0x0800b378      0x17c ../../libDaisy/build\libdaisy.a(stm32h7xx_hal_rcc_ex.o)
                0x0800b378                HAL_RCCEx_GetPLL2ClockFreq
 .text.HAL_RCCEx_GetPLL3ClockFreq
                0x0800b4f4      0x17c ../../libDaisy/build\libdaisy.a(stm32h7xx_hal_rcc_ex.o)
                0x0800b4f4                HAL_RCCEx_GetPLL3ClockFreq
 .text.HAL_RCCEx_GetPLL1ClockFreq
                0x0800b670      0x17c ../../libDaisy/build\libdaisy.a(stm32h7xx_hal_rcc_ex.o)
                0x0800b670                HAL_RCCEx_GetPLL1ClockFreq
 .text.HAL_RCCEx_GetPeriphCLKFreq
                0x0800b7ec      0x198 ../../libDaisy/build\libdaisy.a(stm32h7xx_hal_rcc_ex.o)
                0x0800b7ec                HAL_RCCEx_GetPeriphCLKFreq
 .text.HAL_RCCEx_GetD1SysClockFreq
                0x0800b984       0x2c ../../libDaisy/build\libdaisy.a(stm32h7xx_hal_rcc_ex.o)
                0x0800b984                HAL_RCCEx_GetD1SysClockFreq
 .text.HAL_SAI_Init.part.0
                0x0800b9b0      0x348 ../../libDaisy/build\libdaisy.a(stm32h7xx_hal_sai.o)
 .text.HAL_SAI_InitProtocol
                0x0800bcf8      0x178 ../../libDaisy/build\libdaisy.a(stm32h7xx_hal_sai.o)
                0x0800bcf8                HAL_SAI_InitProtocol
 .text.HAL_SAI_Transmit_DMA
                0x0800be70      0x124 ../../libDaisy/build\libdaisy.a(stm32h7xx_hal_sai.o)
                0x0800be70                HAL_SAI_Transmit_DMA
 .text.HAL_SAI_Receive_DMA
                0x0800bf94       0xd0 ../../libDaisy/build\libdaisy.a(stm32h7xx_hal_sai.o)
                0x0800bf94                HAL_SAI_Receive_DMA
 .text.HAL_SAI_TxCpltCallback
                0x0800c064        0x4 ../../libDaisy/build\libdaisy.a(stm32h7xx_hal_sai.o)
                0x0800c064                HAL_SAI_TxCpltCallback
 .text.SAI_DMATxCplt
                0x0800c068       0x64 ../../libDaisy/build\libdaisy.a(stm32h7xx_hal_sai.o)
 .text.HAL_SAI_TxHalfCpltCallback
                0x0800c0cc        0x4 ../../libDaisy/build\libdaisy.a(stm32h7xx_hal_sai.o)
                0x0800c0cc                HAL_SAI_TxHalfCpltCallback
 .text.SAI_DMATxHalfCplt
                0x0800c0d0        0xc ../../libDaisy/build\libdaisy.a(stm32h7xx_hal_sai.o)
 .text.SAI_DMARxCplt
                0x0800c0dc       0x64 ../../libDaisy/build\libdaisy.a(stm32h7xx_hal_sai.o)
 .text.SAI_DMARxHalfCplt
                0x0800c140        0xc ../../libDaisy/build\libdaisy.a(stm32h7xx_hal_sai.o)
 .text.HAL_SAI_ErrorCallback
                0x0800c14c        0x4 ../../libDaisy/build\libdaisy.a(stm32h7xx_hal_sai.o)
                0x0800c14c                HAL_SAI_ErrorCallback
 .text.SAI_DMAError
                0x0800c150       0x6c ../../libDaisy/build\libdaisy.a(stm32h7xx_hal_sai.o)
 .text.HAL_SDRAM_Init
                0x0800c1bc       0x54 ../../libDaisy/build\libdaisy.a(stm32h7xx_hal_sdram.o)
                0x0800c1bc                HAL_SDRAM_Init
 .text.HAL_SDRAM_SendCommand
                0x0800c210       0x40 ../../libDaisy/build\libdaisy.a(stm32h7xx_hal_sdram.o)
                0x0800c210                HAL_SDRAM_SendCommand
 .text.HAL_SDRAM_ProgramRefreshRate
                0x0800c250       0x30 ../../libDaisy/build\libdaisy.a(stm32h7xx_hal_sdram.o)
                0x0800c250                HAL_SDRAM_ProgramRefreshRate
 .text.HAL_UART_Transmit_DMA
                0x0800c280       0xa4 ../../libDaisy/build\libdaisy.a(stm32h7xx_hal_uart.o)
                0x0800c280                HAL_UART_Transmit_DMA
 .text.HAL_UART_Receive_DMA
                0x0800c324       0xac ../../libDaisy/build\libdaisy.a(stm32h7xx_hal_uart.o)
                0x0800c324                HAL_UART_Receive_DMA
 .text.UART_DMATransmitCplt
                0x0800c3d0       0x2c ../../libDaisy/build\libdaisy.a(stm32h7xx_hal_uart.o)
 .text.HAL_UART_TxHalfCpltCallback
                0x0800c3fc        0x4 ../../libDaisy/build\libdaisy.a(stm32h7xx_hal_uart.o)
                0x0800c3fc                HAL_UART_TxHalfCpltCallback
 .text.UART_DMATxHalfCplt
                0x0800c400        0xc ../../libDaisy/build\libdaisy.a(stm32h7xx_hal_uart.o)
 .text.UART_DMAReceiveCplt
                0x0800c40c       0x38 ../../libDaisy/build\libdaisy.a(stm32h7xx_hal_uart.o)
 .text.UART_DMARxHalfCplt
                0x0800c444        0xc ../../libDaisy/build\libdaisy.a(stm32h7xx_hal_uart.o)
 .text.UART_DMAError
                0x0800c450       0x78 ../../libDaisy/build\libdaisy.a(stm32h7xx_hal_uart.o)
 .text.HAL_UART_IRQHandler
                0x0800c4c8      0x1d0 ../../libDaisy/build\libdaisy.a(stm32h7xx_hal_uart.o)
                0x0800c4c8                HAL_UART_IRQHandler
 .text.UART_DMAAbortOnError
                0x0800c698       0x14 ../../libDaisy/build\libdaisy.a(stm32h7xx_hal_uart.o)
 .text.HAL_UART_GetState
                0x0800c6ac        0xc ../../libDaisy/build\libdaisy.a(stm32h7xx_hal_uart.o)
                0x0800c6ac                HAL_UART_GetState
 .text.UART_SetConfig
                0x0800c6b8     0x14b8 ../../libDaisy/build\libdaisy.a(stm32h7xx_hal_uart.o)
                0x0800c6b8                UART_SetConfig
 .text.UART_AdvFeatureConfig
                0x0800db70       0xb0 ../../libDaisy/build\libdaisy.a(stm32h7xx_hal_uart.o)
                0x0800db70                UART_AdvFeatureConfig
 .text.UART_CheckIdleState
                0x0800dc20       0x84 ../../libDaisy/build\libdaisy.a(stm32h7xx_hal_uart.o)
                0x0800dc20                UART_CheckIdleState
 .text.HAL_UART_Init
                0x0800dca4       0x68 ../../libDaisy/build\libdaisy.a(stm32h7xx_hal_uart.o)
                0x0800dca4                HAL_UART_Init
 .text.HAL_UARTEx_WakeupCallback
                0x0800dd0c        0x4 ../../libDaisy/build\libdaisy.a(stm32h7xx_hal_uart_ex.o)
                0x0800dd0c                HAL_UARTEx_WakeupCallback
 .text.HAL_UARTEx_RxFifoFullCallback
                0x0800dd10        0x4 ../../libDaisy/build\libdaisy.a(stm32h7xx_hal_uart_ex.o)
                0x0800dd10                HAL_UARTEx_RxFifoFullCallback
 .text.HAL_UARTEx_TxFifoEmptyCallback
                0x0800dd14        0x4 ../../libDaisy/build\libdaisy.a(stm32h7xx_hal_uart_ex.o)
                0x0800dd14                HAL_UARTEx_TxFifoEmptyCallback
 .text.HAL_UARTEx_DisableFifoMode
                0x0800dd18       0x3c ../../libDaisy/build\libdaisy.a(stm32h7xx_hal_uart_ex.o)
                0x0800dd18                HAL_UARTEx_DisableFifoMode
 .text.HAL_UARTEx_SetTxFifoThreshold
                0x0800dd54       0x9c ../../libDaisy/build\libdaisy.a(stm32h7xx_hal_uart_ex.o)
                0x0800dd54                HAL_UARTEx_SetTxFifoThreshold
 .text.HAL_UARTEx_SetRxFifoThreshold
                0x0800ddf0       0x9c ../../libDaisy/build\libdaisy.a(stm32h7xx_hal_uart_ex.o)
                0x0800ddf0                HAL_UARTEx_SetRxFifoThreshold
 .text.FMC_SDRAM_Init
                0x0800de8c       0x7c ../../libDaisy/build\libdaisy.a(stm32h7xx_ll_fmc.o)
                0x0800de8c                FMC_SDRAM_Init
 .text.FMC_SDRAM_Timing_Init
                0x0800df08       0x98 ../../libDaisy/build\libdaisy.a(stm32h7xx_ll_fmc.o)
                0x0800df08                FMC_SDRAM_Timing_Init
 .text.FMC_SDRAM_SendCommand
                0x0800dfa0       0x28 ../../libDaisy/build\libdaisy.a(stm32h7xx_ll_fmc.o)
                0x0800dfa0                FMC_SDRAM_SendCommand
 .text.FMC_SDRAM_ProgramRefreshRate
                0x0800dfc8       0x1c ../../libDaisy/build\libdaisy.a(stm32h7xx_ll_fmc.o)
                0x0800dfc8                FMC_SDRAM_ProgramRefreshRate
 .text.USB_SetTurnaroundTime
                0x0800dfe4      0x104 ../../libDaisy/build\libdaisy.a(stm32h7xx_ll_usb.o)
                0x0800dfe4                USB_SetTurnaroundTime
 .text.USB_FlushTxFifo
                0x0800e0e8       0x34 ../../libDaisy/build\libdaisy.a(stm32h7xx_ll_usb.o)
                0x0800e0e8                USB_FlushTxFifo
 .text.USB_GetDevSpeed
                0x0800e11c       0x24 ../../libDaisy/build\libdaisy.a(stm32h7xx_ll_usb.o)
                0x0800e11c                USB_GetDevSpeed
 .text.USB_ActivateEndpoint
                0x0800e140       0x90 ../../libDaisy/build\libdaisy.a(stm32h7xx_ll_usb.o)
                0x0800e140                USB_ActivateEndpoint
 .text.USB_EPStartXfer
                0x0800e1d0      0x230 ../../libDaisy/build\libdaisy.a(stm32h7xx_ll_usb.o)
                0x0800e1d0                USB_EPStartXfer
 .text.USB_EP0StartXfer
                0x0800e400      0x174 ../../libDaisy/build\libdaisy.a(stm32h7xx_ll_usb.o)
                0x0800e400                USB_EP0StartXfer
 .text.USB_WritePacket
                0x0800e574       0x2c ../../libDaisy/build\libdaisy.a(stm32h7xx_ll_usb.o)
                0x0800e574                USB_WritePacket
 .text.USB_ReadPacket
                0x0800e5a0       0x20 ../../libDaisy/build\libdaisy.a(stm32h7xx_ll_usb.o)
                0x0800e5a0                USB_ReadPacket
 .text.USB_EPSetStall
                0x0800e5c0       0x68 ../../libDaisy/build\libdaisy.a(stm32h7xx_ll_usb.o)
                0x0800e5c0                USB_EPSetStall
 .text.USB_EPClearStall
                0x0800e628       0x58 ../../libDaisy/build\libdaisy.a(stm32h7xx_ll_usb.o)
                0x0800e628                USB_EPClearStall
 .text.USB_SetDevAddress
                0x0800e680       0x24 ../../libDaisy/build\libdaisy.a(stm32h7xx_ll_usb.o)
                0x0800e680                USB_SetDevAddress
 .text.USB_ReadInterrupts
                0x0800e6a4       0x14 ../../libDaisy/build\libdaisy.a(stm32h7xx_ll_usb.o)
                0x0800e6a4                USB_ReadInterrupts
 .text.USB_ReadDevAllOutEpInterrupt
                0x0800e6b8       0x1c ../../libDaisy/build\libdaisy.a(stm32h7xx_ll_usb.o)
                0x0800e6b8                USB_ReadDevAllOutEpInterrupt
 .text.USB_ReadDevAllInEpInterrupt
                0x0800e6d4       0x1c ../../libDaisy/build\libdaisy.a(stm32h7xx_ll_usb.o)
                0x0800e6d4                USB_ReadDevAllInEpInterrupt
 .text.USB_ReadDevOutEPInterrupt
                0x0800e6f0       0x1c ../../libDaisy/build\libdaisy.a(stm32h7xx_ll_usb.o)
                0x0800e6f0                USB_ReadDevOutEPInterrupt
 .text.USB_ReadDevInEPInterrupt
                0x0800e70c       0x38 ../../libDaisy/build\libdaisy.a(stm32h7xx_ll_usb.o)
                0x0800e70c                USB_ReadDevInEPInterrupt
 .text.USB_GetMode
                0x0800e744        0x8 ../../libDaisy/build\libdaisy.a(stm32h7xx_ll_usb.o)
                0x0800e744                USB_GetMode
 .text.USB_ActivateSetup
                0x0800e74c       0x38 ../../libDaisy/build\libdaisy.a(stm32h7xx_ll_usb.o)
                0x0800e74c                USB_ActivateSetup
 .text.USB_EP0_OutStart
                0x0800e784       0x58 ../../libDaisy/build\libdaisy.a(stm32h7xx_ll_usb.o)
                0x0800e784                USB_EP0_OutStart
 .text.USB_InitFSLSPClkSel
                0x0800e7dc       0x44 ../../libDaisy/build\libdaisy.a(stm32h7xx_ll_usb.o)
                0x0800e7dc                USB_InitFSLSPClkSel
 .text.USB_HC_ReadInterrupt
                0x0800e820        0x8 ../../libDaisy/build\libdaisy.a(stm32h7xx_ll_usb.o)
                0x0800e820                USB_HC_ReadInterrupt
 .text.USB_HC_Halt
                0x0800e828       0xc0 ../../libDaisy/build\libdaisy.a(stm32h7xx_ll_usb.o)
                0x0800e828                USB_HC_Halt
 .text.USB_StopHost
                0x0800e8e8      0x2ec ../../libDaisy/build\libdaisy.a(stm32h7xx_ll_usb.o)
                0x0800e8e8                USB_StopHost
 .text.USBD_SetClassConfig
                0x0800ebd4       0x14 ../../libDaisy/build\libdaisy.a(usbd_core.o)
                0x0800ebd4                USBD_SetClassConfig
 .text.USBD_ClrClassConfig
                0x0800ebe8       0x10 ../../libDaisy/build\libdaisy.a(usbd_core.o)
                0x0800ebe8                USBD_ClrClassConfig
 .text.USBD_LL_SetupStage
                0x0800ebf8       0x5c ../../libDaisy/build\libdaisy.a(usbd_core.o)
                0x0800ebf8                USBD_LL_SetupStage
 .text.USBD_LL_DataOutStage
                0x0800ec54       0x7c ../../libDaisy/build\libdaisy.a(usbd_core.o)
                0x0800ec54                USBD_LL_DataOutStage
 .text.USBD_LL_DataInStage
                0x0800ecd0       0xcc ../../libDaisy/build\libdaisy.a(usbd_core.o)
                0x0800ecd0                USBD_LL_DataInStage
 .text.USBD_LL_Reset
                0x0800ed9c       0x50 ../../libDaisy/build\libdaisy.a(usbd_core.o)
                0x0800ed9c                USBD_LL_Reset
 .text.USBD_LL_SetSpeed
                0x0800edec        0x8 ../../libDaisy/build\libdaisy.a(usbd_core.o)
                0x0800edec                USBD_LL_SetSpeed
 .text.USBD_LL_Suspend
                0x0800edf4       0x14 ../../libDaisy/build\libdaisy.a(usbd_core.o)
                0x0800edf4                USBD_LL_Suspend
 .text.USBD_LL_Resume
                0x0800ee08       0x10 ../../libDaisy/build\libdaisy.a(usbd_core.o)
                0x0800ee08                USBD_LL_Resume
 .text.USBD_LL_SOF
                0x0800ee18       0x1c ../../libDaisy/build\libdaisy.a(usbd_core.o)
                0x0800ee18                USBD_LL_SOF
 .text.USBD_LL_IsoINIncomplete
                0x0800ee34        0x4 ../../libDaisy/build\libdaisy.a(usbd_core.o)
                0x0800ee34                USBD_LL_IsoINIncomplete
 .text.USBD_LL_IsoOUTIncomplete
                0x0800ee38        0x4 ../../libDaisy/build\libdaisy.a(usbd_core.o)
                0x0800ee38                USBD_LL_IsoOUTIncomplete
 .text.USBD_LL_DevConnected
                0x0800ee3c        0x4 ../../libDaisy/build\libdaisy.a(usbd_core.o)
                0x0800ee3c                USBD_LL_DevConnected
 .text.USBD_LL_DevDisconnected
                0x0800ee40       0x18 ../../libDaisy/build\libdaisy.a(usbd_core.o)
                0x0800ee40                USBD_LL_DevDisconnected
 .text.USBD_StdDevReq
                0x0800ee58      0x304 ../../libDaisy/build\libdaisy.a(usbd_ctlreq.o)
                0x0800ee58                USBD_StdDevReq
 .text.USBD_StdItfReq
                0x0800f15c       0x68 ../../libDaisy/build\libdaisy.a(usbd_ctlreq.o)
                0x0800f15c                USBD_StdItfReq
 .text.USBD_StdEPReq
                0x0800f1c4      0x13c ../../libDaisy/build\libdaisy.a(usbd_ctlreq.o)
                0x0800f1c4                USBD_StdEPReq
 .text.USBD_ParseSetupRequest
                0x0800f300       0x28 ../../libDaisy/build\libdaisy.a(usbd_ctlreq.o)
                0x0800f300                USBD_ParseSetupRequest
 .text.USBD_CtlSendData
                0x0800f328       0x1c ../../libDaisy/build\libdaisy.a(usbd_ioreq.o)
                0x0800f328                USBD_CtlSendData
 .text.USBD_CtlContinueSendData
                0x0800f344       0x14 ../../libDaisy/build\libdaisy.a(usbd_ioreq.o)
                0x0800f344                USBD_CtlContinueSendData
 .text.USBD_CtlContinueRx
                0x0800f358       0x14 ../../libDaisy/build\libdaisy.a(usbd_ioreq.o)
                0x0800f358                USBD_CtlContinueRx
 .text.USBD_CtlSendStatus
                0x0800f36c       0x18 ../../libDaisy/build\libdaisy.a(usbd_ioreq.o)
                0x0800f36c                USBD_CtlSendStatus
 .text.USBD_CtlReceiveStatus
                0x0800f384       0x18 ../../libDaisy/build\libdaisy.a(usbd_ioreq.o)
                0x0800f384                USBD_CtlReceiveStatus
 .text.USBH_LL_IncTimer
                0x0800f39c       0x20 ../../libDaisy/build\libdaisy.a(usbh_core.o)
                0x0800f39c                USBH_LL_IncTimer
 .text.USBH_LL_PortEnabled
                0x0800f3bc        0x8 ../../libDaisy/build\libdaisy.a(usbh_core.o)
                0x0800f3bc                USBH_LL_PortEnabled
 .text.USBH_LL_PortDisabled
                0x0800f3c4        0x8 ../../libDaisy/build\libdaisy.a(usbh_core.o)
                0x0800f3c4                USBH_LL_PortDisabled
 .text.USBH_LL_Connect
                0x0800f3cc       0x18 ../../libDaisy/build\libdaisy.a(usbh_core.o)
                0x0800f3cc                USBH_LL_Connect
 .text.USBH_LL_Disconnect
                0x0800f3e4       0x2c ../../libDaisy/build\libdaisy.a(usbh_core.o)
                0x0800f3e4                USBH_LL_Disconnect
 .text.USBH_FreePipe
                0x0800f410       0x18 ../../libDaisy/build\libdaisy.a(usbh_pipes.o)
                0x0800f410                USBH_FreePipe
 .text._ZN5daisy3Led4InitE12dsy_gpio_pinbf
                0x0800f428       0x48 ../../libDaisy/build\libdaisy.a(led.o)
                0x0800f428                daisy::Led::Init(dsy_gpio_pin, bool, float)
 .text._ZN5daisy3Led3SetEf
                0x0800f470       0x24 ../../libDaisy/build\libdaisy.a(led.o)
                0x0800f470                daisy::Led::Set(float)
 .text._ZN5daisy3Led6UpdateEv
                0x0800f494       0x48 ../../libDaisy/build\libdaisy.a(led.o)
                0x0800f494                daisy::Led::Update()
 .text._ZN5daisy6Random4InitEv
                0x0800f4dc       0x3c ../../libDaisy/build\libdaisy.a(rng.o)
                0x0800f4dc                daisy::Random::Init()
 .text._ZN5daisy9SpiHandle4Impl7InitDmaEv
                0x0800f518       0xec ../../libDaisy/build\libdaisy.a(spi.o)
                0x0800f518                daisy::SpiHandle::Impl::InitDma()
 .text._ZN5daisy9SpiHandle4Impl10StartDmaTxEPhjPFvPvEPFvS3_NS0_6ResultEES3_
                0x0800f604       0xc8 ../../libDaisy/build\libdaisy.a(spi.o)
                0x0800f604                daisy::SpiHandle::Impl::StartDmaTx(unsigned char*, unsigned int, void (*)(void*), void (*)(void*, daisy::SpiHandle::Result), void*)
 .text._ZN5daisy9SpiHandle4Impl10StartDmaRxEPhjPFvPvEPFvS3_NS0_6ResultEES3_
                0x0800f6cc       0xc8 ../../libDaisy/build\libdaisy.a(spi.o)
                0x0800f6cc                daisy::SpiHandle::Impl::StartDmaRx(unsigned char*, unsigned int, void (*)(void*), void (*)(void*, daisy::SpiHandle::Result), void*)
 .text._ZN5daisy9SpiHandle4Impl12StartDmaRxTxEPhS2_jPFvPvEPFvS3_NS0_6ResultEES3_
                0x0800f794       0xcc ../../libDaisy/build\libdaisy.a(spi.o)
                0x0800f794                daisy::SpiHandle::Impl::StartDmaRxTx(unsigned char*, unsigned char*, unsigned int, void (*)(void*), void (*)(void*, daisy::SpiHandle::Result), void*)
 .text._ZN5daisy9SpiHandle4Impl8InitPinsEv
                0x0800f860      0x274 ../../libDaisy/build\libdaisy.a(spi.o)
                0x0800f860                daisy::SpiHandle::Impl::InitPins()
 .text.HAL_SPI_MspInit
                0x0800fad4      0x1a8 ../../libDaisy/build\libdaisy.a(spi.o)
                0x0800fad4                HAL_SPI_MspInit
 .text.dsy_spi_global_init
                0x0800fc7c       0x80 ../../libDaisy/build\libdaisy.a(spi.o)
                0x0800fc7c                dsy_spi_global_init
 .text.SPI1_IRQHandler
                0x0800fcfc        0xc ../../libDaisy/build\libdaisy.a(spi.o)
                0x0800fcfc                SPI1_IRQHandler
 .text.SPI2_IRQHandler
                0x0800fd08        0xc ../../libDaisy/build\libdaisy.a(spi.o)
                0x0800fd08                SPI2_IRQHandler
 .text.SPI3_IRQHandler
                0x0800fd14        0xc ../../libDaisy/build\libdaisy.a(spi.o)
                0x0800fd14                SPI3_IRQHandler
 .text.SPI4_IRQHandler
                0x0800fd20        0xc ../../libDaisy/build\libdaisy.a(spi.o)
                0x0800fd20                SPI4_IRQHandler
 .text.SPI5_IRQHandler
                0x0800fd2c        0xc ../../libDaisy/build\libdaisy.a(spi.o)
                0x0800fd2c                SPI5_IRQHandler
 .text.DMA2_Stream2_IRQHandler
                0x0800fd38       0x34 ../../libDaisy/build\libdaisy.a(spi.o)
                0x0800fd38                DMA2_Stream2_IRQHandler
 .text.DMA2_Stream3_IRQHandler
                0x0800fd6c       0x38 ../../libDaisy/build\libdaisy.a(spi.o)
                0x0800fd6c                DMA2_Stream3_IRQHandler
 .text.HAL_SPI_TxCpltCallback
                0x0800fda4       0xc4 ../../libDaisy/build\libdaisy.a(spi.o)
                0x0800fda4                HAL_SPI_TxCpltCallback
 .text.HAL_SPI_RxCpltCallback
                0x0800fe68       0xc4 ../../libDaisy/build\libdaisy.a(spi.o)
                0x0800fe68                HAL_SPI_RxCpltCallback
 .text.HAL_SPI_TxRxCpltCallback
                0x0800ff2c       0xc4 ../../libDaisy/build\libdaisy.a(spi.o)
                0x0800ff2c                HAL_SPI_TxRxCpltCallback
 .text.HAL_SPI_ErrorCallback
                0x0800fff0       0xc8 ../../libDaisy/build\libdaisy.a(spi.o)
                0x0800fff0                HAL_SPI_ErrorCallback
 .text.startup._GLOBAL__sub_I__Z19MapInstanceToHandleP11SPI_TypeDef
                0x080100b8      0x1b0 ../../libDaisy/build\libdaisy.a(spi.o)
 .text.HAL_TIM_Base_MspInit
                0x08010268      0x1e0 ../../libDaisy/build\libdaisy.a(tim.o)
                0x08010268                HAL_TIM_Base_MspInit
 .text.HAL_TIM_PeriodElapsedCallback
                0x08010448       0x44 ../../libDaisy/build\libdaisy.a(tim.o)
                0x08010448                HAL_TIM_PeriodElapsedCallback
 .text.TIM2_IRQHandler
                0x0801048c        0xc ../../libDaisy/build\libdaisy.a(tim.o)
                0x0801048c                TIM2_IRQHandler
 .text.TIM3_IRQHandler
                0x08010498        0xc ../../libDaisy/build\libdaisy.a(tim.o)
                0x08010498                TIM3_IRQHandler
 .text.TIM4_IRQHandler
                0x080104a4        0xc ../../libDaisy/build\libdaisy.a(tim.o)
                0x080104a4                TIM4_IRQHandler
 .text.TIM5_IRQHandler
                0x080104b0        0xc ../../libDaisy/build\libdaisy.a(tim.o)
                0x080104b0                TIM5_IRQHandler
 .text._ZN5daisy11TimerHandle4InitERKNS0_6ConfigE
                0x080104bc       0xd0 ../../libDaisy/build\libdaisy.a(tim.o)
                0x080104bc                daisy::TimerHandle::Init(daisy::TimerHandle::Config const&)
 .text._ZN5daisy11TimerHandle5StartEv
                0x0801058c       0x24 ../../libDaisy/build\libdaisy.a(tim.o)
                0x0801058c                daisy::TimerHandle::Start()
 .text.startup._GLOBAL__sub_I__ZN5daisy11TimerHandle4Impl4InitERKNS0_6ConfigE
                0x080105b0       0x38 ../../libDaisy/build\libdaisy.a(tim.o)
 .text.HAL_MDMA_Abort_IT
                0x080105e8       0x2c ../../libDaisy/build\libdaisy.a(stm32h7xx_hal_mdma.o)
                0x080105e8                HAL_MDMA_Abort_IT
 .text.SPI_CloseTransfer
                0x08010614       0xb8 ../../libDaisy/build\libdaisy.a(stm32h7xx_hal_spi.o)
 .text.HAL_SPI_Init
                0x080106cc      0x15c ../../libDaisy/build\libdaisy.a(stm32h7xx_hal_spi.o)
                0x080106cc                HAL_SPI_Init
 .text.HAL_SPI_Transmit_DMA
                0x08010828      0x170 ../../libDaisy/build\libdaisy.a(stm32h7xx_hal_spi.o)
                0x08010828                HAL_SPI_Transmit_DMA
 .text.HAL_SPI_TransmitReceive_DMA
                0x08010998      0x218 ../../libDaisy/build\libdaisy.a(stm32h7xx_hal_spi.o)
                0x08010998                HAL_SPI_TransmitReceive_DMA
 .text.HAL_SPI_Receive_DMA
                0x08010bb0      0x1b4 ../../libDaisy/build\libdaisy.a(stm32h7xx_hal_spi.o)
                0x08010bb0                HAL_SPI_Receive_DMA
 .text.SPI_DMATransmitCplt
                0x08010d64       0x28 ../../libDaisy/build\libdaisy.a(stm32h7xx_hal_spi.o)
 .text.SPI_DMAReceiveCplt
                0x08010d8c       0x28 ../../libDaisy/build\libdaisy.a(stm32h7xx_hal_spi.o)
 .text.SPI_DMATransmitReceiveCplt
                0x08010db4       0x28 ../../libDaisy/build\libdaisy.a(stm32h7xx_hal_spi.o)
 .text.HAL_SPI_TxHalfCpltCallback
                0x08010ddc        0x4 ../../libDaisy/build\libdaisy.a(stm32h7xx_hal_spi.o)
                0x08010ddc                HAL_SPI_TxHalfCpltCallback
 .text.SPI_DMAHalfTransmitCplt
                0x08010de0        0xc ../../libDaisy/build\libdaisy.a(stm32h7xx_hal_spi.o)
 .text.HAL_SPI_RxHalfCpltCallback
                0x08010dec        0x4 ../../libDaisy/build\libdaisy.a(stm32h7xx_hal_spi.o)
                0x08010dec                HAL_SPI_RxHalfCpltCallback
 .text.SPI_DMAHalfReceiveCplt
                0x08010df0        0xc ../../libDaisy/build\libdaisy.a(stm32h7xx_hal_spi.o)
 .text.HAL_SPI_TxRxHalfCpltCallback
                0x08010dfc        0x4 ../../libDaisy/build\libdaisy.a(stm32h7xx_hal_spi.o)
                0x08010dfc                HAL_SPI_TxRxHalfCpltCallback
 .text.SPI_DMAHalfTransmitReceiveCplt
                0x08010e00        0xc ../../libDaisy/build\libdaisy.a(stm32h7xx_hal_spi.o)
 .text.SPI_DMAError
                0x08010e0c       0xd8 ../../libDaisy/build\libdaisy.a(stm32h7xx_hal_spi.o)
 .text.HAL_SPI_IRQHandler
                0x08010ee4      0x23c ../../libDaisy/build\libdaisy.a(stm32h7xx_hal_spi.o)
                0x08010ee4                HAL_SPI_IRQHandler
 .text.SPI_DMAAbortOnError
                0x08011120       0x1c ../../libDaisy/build\libdaisy.a(stm32h7xx_hal_spi.o)
 .text.HAL_SPI_GetState
                0x0801113c        0x8 ../../libDaisy/build\libdaisy.a(stm32h7xx_hal_spi.o)
                0x0801113c                HAL_SPI_GetState
 .text.HAL_TIM_Base_Init
                0x08011144      0x140 ../../libDaisy/build\libdaisy.a(stm32h7xx_hal_tim.o)
                0x08011144                HAL_TIM_Base_Init
 .text.HAL_TIM_Base_Start
                0x08011284       0x34 ../../libDaisy/build\libdaisy.a(stm32h7xx_hal_tim.o)
                0x08011284                HAL_TIM_Base_Start
 .text.HAL_TIM_Base_Start_IT
                0x080112b8       0x2c ../../libDaisy/build\libdaisy.a(stm32h7xx_hal_tim.o)
                0x080112b8                HAL_TIM_Base_Start_IT
 .text.HAL_TIM_ConfigClockSource
                0x080112e4      0x17c ../../libDaisy/build\libdaisy.a(stm32h7xx_hal_tim.o)
                0x080112e4                HAL_TIM_ConfigClockSource
 .text.HAL_TIM_OC_DelayElapsedCallback
                0x08011460        0x4 ../../libDaisy/build\libdaisy.a(stm32h7xx_hal_tim.o)
                0x08011460                HAL_TIM_OC_DelayElapsedCallback
 .text.HAL_TIM_IC_CaptureCallback
                0x08011464        0x4 ../../libDaisy/build\libdaisy.a(stm32h7xx_hal_tim.o)
                0x08011464                HAL_TIM_IC_CaptureCallback
 .text.HAL_TIM_PWM_PulseFinishedCallback
                0x08011468        0x4 ../../libDaisy/build\libdaisy.a(stm32h7xx_hal_tim.o)
                0x08011468                HAL_TIM_PWM_PulseFinishedCallback
 .text.HAL_TIM_TriggerCallback
                0x0801146c        0x4 ../../libDaisy/build\libdaisy.a(stm32h7xx_hal_tim.o)
                0x0801146c                HAL_TIM_TriggerCallback
 .text.HAL_TIM_IRQHandler
                0x08011470      0x170 ../../libDaisy/build\libdaisy.a(stm32h7xx_hal_tim.o)
                0x08011470                HAL_TIM_IRQHandler
 .text.HAL_TIMEx_MasterConfigSynchronization
                0x080115e0       0x64 ../../libDaisy/build\libdaisy.a(stm32h7xx_hal_tim_ex.o)
                0x080115e0                HAL_TIMEx_MasterConfigSynchronization
 .text.HAL_TIMEx_CommutCallback
                0x08011644        0x4 ../../libDaisy/build\libdaisy.a(stm32h7xx_hal_tim_ex.o)
                0x08011644                HAL_TIMEx_CommutCallback
 .text.HAL_TIMEx_BreakCallback
                0x08011648        0x4 ../../libDaisy/build\libdaisy.a(stm32h7xx_hal_tim_ex.o)
                0x08011648                HAL_TIMEx_BreakCallback
 .text.HAL_TIMEx_Break2Callback
                0x0801164c        0x4 ../../libDaisy/build\libdaisy.a(stm32h7xx_hal_tim_ex.o)
                0x0801164c                HAL_TIMEx_Break2Callback
 .text._ZN7daisysp10Oscillator7ProcessEv
                0x08011650      0x374 ../../DaisySP/build\libdaisysp.a(oscillator.o)
                0x08011650                daisysp::Oscillator::Process()
 .text._ZN7daisysp10Oscillator12CalcPhaseIncEf
                0x080119c4        0xc ../../DaisySP/build\libdaisysp.a(oscillator.o)
                0x080119c4                daisysp::Oscillator::CalcPhaseInc(float)
 .text.__aeabi_atexit
                0x080119d0        0xa c:/program files/daisytoolchain/bin/../lib/gcc/arm-none-eabi/10.2.1/../../../../arm-none-eabi/lib/thumb/v7e-m+dp/hard\libstdc++_nano.a(atexit_arm.o)
                0x080119d0                __aeabi_atexit
 *fill*         0x080119da        0x6 
 .text.powf     0x080119e0      0x328 c:/program files/daisytoolchain/bin/../lib/gcc/arm-none-eabi/10.2.1/../../../../arm-none-eabi/lib/thumb/v7e-m+dp/hard\libm.a(lib_a-sf_pow.o)
                0x080119e0                powf
 .text.sinf     0x08011d08      0x20c c:/program files/daisytoolchain/bin/../lib/gcc/arm-none-eabi/10.2.1/../../../../arm-none-eabi/lib/thumb/v7e-m+dp/hard\libm.a(lib_a-sinf.o)
                0x08011d08                sinf
 .text.with_errnof
                0x08011f14       0x18 c:/program files/daisytoolchain/bin/../lib/gcc/arm-none-eabi/10.2.1/../../../../arm-none-eabi/lib/thumb/v7e-m+dp/hard\libm.a(lib_a-math_errf.o)
 .text.xflowf   0x08011f2c       0x20 c:/program files/daisytoolchain/bin/../lib/gcc/arm-none-eabi/10.2.1/../../../../arm-none-eabi/lib/thumb/v7e-m+dp/hard\libm.a(lib_a-math_errf.o)
 .text.__math_uflowf
                0x08011f4c        0xc c:/program files/daisytoolchain/bin/../lib/gcc/arm-none-eabi/10.2.1/../../../../arm-none-eabi/lib/thumb/v7e-m+dp/hard\libm.a(lib_a-math_errf.o)
                0x08011f4c                __math_uflowf
 .text.__math_may_uflowf
                0x08011f58        0xc c:/program files/daisytoolchain/bin/../lib/gcc/arm-none-eabi/10.2.1/../../../../arm-none-eabi/lib/thumb/v7e-m+dp/hard\libm.a(lib_a-math_errf.o)
                0x08011f58                __math_may_uflowf
 .text.__math_oflowf
                0x08011f64        0xc c:/program files/daisytoolchain/bin/../lib/gcc/arm-none-eabi/10.2.1/../../../../arm-none-eabi/lib/thumb/v7e-m+dp/hard\libm.a(lib_a-math_errf.o)
                0x08011f64                __math_oflowf
 .text.__math_divzerof
                0x08011f70       0x24 c:/program files/daisytoolchain/bin/../lib/gcc/arm-none-eabi/10.2.1/../../../../arm-none-eabi/lib/thumb/v7e-m+dp/hard\libm.a(lib_a-math_errf.o)
                0x08011f70                __math_divzerof
 .text.__math_invalidf
                0x08011f94       0x20 c:/program files/daisytoolchain/bin/../lib/gcc/arm-none-eabi/10.2.1/../../../../arm-none-eabi/lib/thumb/v7e-m+dp/hard\libm.a(lib_a-math_errf.o)
                0x08011f94                __math_invalidf
 .text.__cxa_atexit
                0x08011fb4       0x1c c:/program files/daisytoolchain/bin/../lib/gcc/arm-none-eabi/10.2.1/../../../../arm-none-eabi/lib/thumb/v7e-m+dp/hard\libc_nano.a(lib_a-cxa_atexit.o)
                0x08011fb4                __cxa_atexit
 .text.__errno  0x08011fd0        0xc c:/program files/daisytoolchain/bin/../lib/gcc/arm-none-eabi/10.2.1/../../../../arm-none-eabi/lib/thumb/v7e-m+dp/hard\libc_nano.a(lib_a-errno.o)
                0x08011fd0                __errno
 .text.__libc_init_array
                0x08011fdc       0x48 c:/program files/daisytoolchain/bin/../lib/gcc/arm-none-eabi/10.2.1/../../../../arm-none-eabi/lib/thumb/v7e-m+dp/hard\libc_nano.a(lib_a-init.o)
                0x08011fdc                __libc_init_array
 .text.memcpy   0x08012024       0x1c c:/program files/daisytoolchain/bin/../lib/gcc/arm-none-eabi/10.2.1/../../../../arm-none-eabi/lib/thumb/v7e-m+dp/hard\libc_nano.a(lib_a-memcpy-stub.o)
                0x08012024                memcpy
 .text.memset   0x08012040       0x10 c:/program files/daisytoolchain/bin/../lib/gcc/arm-none-eabi/10.2.1/../../../../arm-none-eabi/lib/thumb/v7e-m+dp/hard\libc_nano.a(lib_a-memset.o)
                0x08012040                memset
 *(.rodata)
 .rodata        0x08012050        0x6 ../../libDaisy/build\libdaisy.a(midi.o)
 *fill*         0x08012056        0x2 
 .rodata        0x08012058       0x10 ../../libDaisy/build\libdaisy.a(i2c.o)
 .rodata        0x08012068       0x12 ../../libDaisy/build\libdaisy.a(uart.o)
 *fill*         0x0801207a        0x2 
 .rodata        0x0801207c        0x8 ../../libDaisy/build\libdaisy.a(stm32h7xx_hal_uart_ex.o)
 .rodata        0x08012084       0x10 ../../libDaisy/build\libdaisy.a(tim.o)
 *(.rodata*)
 .rodata._ZL10kWaveforms
                0x08012094        0x7 build/VariSineDrone.o
 *fill*         0x0801209b        0x1 
 .rodata._ZL7kColors
                0x0801209c       0x54 build/VariSineDrone.o
 .rodata._ZL16dsy_adc_rank_map
                0x080120f0       0x40 ../../libDaisy/build\libdaisy.a(adc.o)
 .rodata.CSWTCH.35
                0x08012130        0x3 ../../libDaisy/build\libdaisy.a(sai.o)
 *fill*         0x08012133        0x1 
 .rodata.CSWTCH.36
                0x08012134        0xc ../../libDaisy/build\libdaisy.a(sai.o)
 .rodata.CSWTCH.44
                0x08012140       0x14 ../../libDaisy/build\libdaisy.a(sai.o)
 .rodata.CSWTCH.81